Archive member included to satisfy reference by file (symbol)

C:/ST/STM32CubeIDE_1.19.0/STM32CubeIDE/plugins/com.st.stm32cube.ide.mcu.externaltools.gnu-tools-for-stm32.13.3.rel1.win32_1.0.0.202411081344/tools/bin/../lib/gcc/arm-none-eabi/13.3.1/../../../../arm-none-eabi/lib/thumb/v7e-m+fp/hard\libc_nano.a(libc_a-exit.o)
                              C:/ST/STM32CubeIDE_1.19.0/STM32CubeIDE/plugins/com.st.stm32cube.ide.mcu.externaltools.gnu-tools-for-stm32.13.3.rel1.win32_1.0.0.202411081344/tools/bin/../lib/gcc/arm-none-eabi/13.3.1/../../../../arm-none-eabi/lib/thumb/v7e-m+fp/hard/crt0.o (exit)
C:/ST/STM32CubeIDE_1.19.0/STM32CubeIDE/plugins/com.st.stm32cube.ide.mcu.externaltools.gnu-tools-for-stm32.13.3.rel1.win32_1.0.0.202411081344/tools/bin/../lib/gcc/arm-none-eabi/13.3.1/../../../../arm-none-eabi/lib/thumb/v7e-m+fp/hard\libc_nano.a(libc_a-findfp.o)
                              C:/ST/STM32CubeIDE_1.19.0/STM32CubeIDE/plugins/com.st.stm32cube.ide.mcu.externaltools.gnu-tools-for-stm32.13.3.rel1.win32_1.0.0.202411081344/tools/bin/../lib/gcc/arm-none-eabi/13.3.1/../../../../arm-none-eabi/lib/thumb/v7e-m+fp/hard\libc_nano.a(libc_a-exit.o) (__stdio_exit_handler)
C:/ST/STM32CubeIDE_1.19.0/STM32CubeIDE/plugins/com.st.stm32cube.ide.mcu.externaltools.gnu-tools-for-stm32.13.3.rel1.win32_1.0.0.202411081344/tools/bin/../lib/gcc/arm-none-eabi/13.3.1/../../../../arm-none-eabi/lib/thumb/v7e-m+fp/hard\libc_nano.a(libc_a-fwalk.o)
                              C:/ST/STM32CubeIDE_1.19.0/STM32CubeIDE/plugins/com.st.stm32cube.ide.mcu.externaltools.gnu-tools-for-stm32.13.3.rel1.win32_1.0.0.202411081344/tools/bin/../lib/gcc/arm-none-eabi/13.3.1/../../../../arm-none-eabi/lib/thumb/v7e-m+fp/hard\libc_nano.a(libc_a-findfp.o) (_fwalk_sglue)
C:/ST/STM32CubeIDE_1.19.0/STM32CubeIDE/plugins/com.st.stm32cube.ide.mcu.externaltools.gnu-tools-for-stm32.13.3.rel1.win32_1.0.0.202411081344/tools/bin/../lib/gcc/arm-none-eabi/13.3.1/../../../../arm-none-eabi/lib/thumb/v7e-m+fp/hard\libc_nano.a(libc_a-printf.o)
                              ./Src/joystick.o (printf)
C:/ST/STM32CubeIDE_1.19.0/STM32CubeIDE/plugins/com.st.stm32cube.ide.mcu.externaltools.gnu-tools-for-stm32.13.3.rel1.win32_1.0.0.202411081344/tools/bin/../lib/gcc/arm-none-eabi/13.3.1/../../../../arm-none-eabi/lib/thumb/v7e-m+fp/hard\libc_nano.a(libc_a-puts.o)
                              ./Src/main.o (puts)
C:/ST/STM32CubeIDE_1.19.0/STM32CubeIDE/plugins/com.st.stm32cube.ide.mcu.externaltools.gnu-tools-for-stm32.13.3.rel1.win32_1.0.0.202411081344/tools/bin/../lib/gcc/arm-none-eabi/13.3.1/../../../../arm-none-eabi/lib/thumb/v7e-m+fp/hard\libc_nano.a(libc_a-setbuf.o)
                              ./Src/30010_io.o (setbuf)
C:/ST/STM32CubeIDE_1.19.0/STM32CubeIDE/plugins/com.st.stm32cube.ide.mcu.externaltools.gnu-tools-for-stm32.13.3.rel1.win32_1.0.0.202411081344/tools/bin/../lib/gcc/arm-none-eabi/13.3.1/../../../../arm-none-eabi/lib/thumb/v7e-m+fp/hard\libc_nano.a(libc_a-setvbuf.o)
                              C:/ST/STM32CubeIDE_1.19.0/STM32CubeIDE/plugins/com.st.stm32cube.ide.mcu.externaltools.gnu-tools-for-stm32.13.3.rel1.win32_1.0.0.202411081344/tools/bin/../lib/gcc/arm-none-eabi/13.3.1/../../../../arm-none-eabi/lib/thumb/v7e-m+fp/hard\libc_nano.a(libc_a-setbuf.o) (setvbuf)
C:/ST/STM32CubeIDE_1.19.0/STM32CubeIDE/plugins/com.st.stm32cube.ide.mcu.externaltools.gnu-tools-for-stm32.13.3.rel1.win32_1.0.0.202411081344/tools/bin/../lib/gcc/arm-none-eabi/13.3.1/../../../../arm-none-eabi/lib/thumb/v7e-m+fp/hard\libc_nano.a(libc_a-stdio.o)
                              C:/ST/STM32CubeIDE_1.19.0/STM32CubeIDE/plugins/com.st.stm32cube.ide.mcu.externaltools.gnu-tools-for-stm32.13.3.rel1.win32_1.0.0.202411081344/tools/bin/../lib/gcc/arm-none-eabi/13.3.1/../../../../arm-none-eabi/lib/thumb/v7e-m+fp/hard\libc_nano.a(libc_a-findfp.o) (__sread)
C:/ST/STM32CubeIDE_1.19.0/STM32CubeIDE/plugins/com.st.stm32cube.ide.mcu.externaltools.gnu-tools-for-stm32.13.3.rel1.win32_1.0.0.202411081344/tools/bin/../lib/gcc/arm-none-eabi/13.3.1/../../../../arm-none-eabi/lib/thumb/v7e-m+fp/hard\libc_nano.a(libc_a-wbuf.o)
                              C:/ST/STM32CubeIDE_1.19.0/STM32CubeIDE/plugins/com.st.stm32cube.ide.mcu.externaltools.gnu-tools-for-stm32.13.3.rel1.win32_1.0.0.202411081344/tools/bin/../lib/gcc/arm-none-eabi/13.3.1/../../../../arm-none-eabi/lib/thumb/v7e-m+fp/hard\libc_nano.a(libc_a-puts.o) (__swbuf_r)
C:/ST/STM32CubeIDE_1.19.0/STM32CubeIDE/plugins/com.st.stm32cube.ide.mcu.externaltools.gnu-tools-for-stm32.13.3.rel1.win32_1.0.0.202411081344/tools/bin/../lib/gcc/arm-none-eabi/13.3.1/../../../../arm-none-eabi/lib/thumb/v7e-m+fp/hard\libc_nano.a(libc_a-wsetup.o)
                              C:/ST/STM32CubeIDE_1.19.0/STM32CubeIDE/plugins/com.st.stm32cube.ide.mcu.externaltools.gnu-tools-for-stm32.13.3.rel1.win32_1.0.0.202411081344/tools/bin/../lib/gcc/arm-none-eabi/13.3.1/../../../../arm-none-eabi/lib/thumb/v7e-m+fp/hard\libc_nano.a(libc_a-puts.o) (__swsetup_r)
[...]
Memory Configuration

Name             Origin             Length             Attributes
RAM              0x20000000         0x00004000         xrw
ROM              0x08000000         0x00010000         xr
*default*        0x00000000         0xffffffff

Linker script and memory map

LOAD C:/ST/STM32CubeIDE_1.19.0/STM32CubeIDE/plugins/com.st.stm32cube.ide.mcu.externaltools.gnu-tools-for-stm32.13.3.rel1.win32_1.0.0.202411081344/tools/bin/../lib/gcc/arm-none-eabi/13.3.1/thumb/v7e-m+fp/hard/crti.o
LOAD C:/ST/STM32CubeIDE_1.19.0/STM32CubeIDE/plugins/com.st.stm32cube.ide.mcu.externaltools.gnu-tools-for-stm32.13.3.rel1.win32_1.0.0.202411081344/tools/bin/../lib/gcc/arm-none-eabi/13.3.1/thumb/v7e-m+fp/hard/crtbegin.o
LOAD C:/ST/STM32CubeIDE_1.19.0/STM32CubeIDE/plugins/com.st.stm32cube.ide.mcu.externaltools.gnu-tools-for-stm32.13.3.rel1.win32_1.0.0.202411081344/tools/bin/../lib/gcc/arm-none-eabi/13.3.1/../../../../arm-none-eabi/lib/thumb/v7e-m+fp/hard/crt0.o
LOAD ./SPL/src/stm32f30x_adc.o
LOAD ./SPL/src/stm32f30x_can.o
LOAD ./SPL/src/stm32f30x_comp.o
LOAD ./SPL/src/stm32f30x_crc.o
LOAD ./SPL/src/stm32f30x_dac.o
LOAD ./SPL/src/stm32f30x_dbgmcu.o
LOAD ./SPL/src/stm32f30x_dma.o
LOAD ./SPL/src/stm32f30x_exti.o
LOAD ./SPL/src/stm32f30x_flash.o
LOAD ./SPL/src/stm32f30x_gpio.o
LOAD ./SPL/src/stm32f30x_i2c.o
LOAD ./SPL/src/stm32f30x_iwdg.o
LOAD ./SPL/src/stm32f30x_misc.o
LOAD ./SPL/src/stm32f30x_opamp.o
LOAD ./SPL/src/stm32f30x_pwr.o
LOAD ./SPL/src/stm32f30x_rcc.o
LOAD ./SPL/src/stm32f30x_rtc.o
LOAD ./SPL/src/stm32f30x_spi.o
LOAD ./SPL/src/stm32f30x_syscfg.o
LOAD ./SPL/src/stm32f30x_tim.o
LOAD ./SPL/src/stm32f30x_usart.o
LOAD ./SPL/src/stm32f30x_wwdg.o
LOAD ./Src/30010_io.o
LOAD ./Src/joystick.o
LOAD ./Src/led.o
LOAD ./Src/main.o
LOAD ./Src/syscalls.o
LOAD ./Src/system_stm32f30x.o
LOAD ./Startup/startup_stm32f302r8tx.o
START GROUP
LOAD C:/ST/STM32CubeIDE_1.19.0/STM32CubeIDE/plugins/com.st.stm32cube.ide.mcu.externaltools.gnu-tools-for-stm32.13.3.rel1.win32_1.0.0.202411081344/tools/bin/../lib/gcc/arm-none-eabi/13.3.1/../../../../arm-none-eabi/lib/thumb/v7e-m+fp/hard\libc_nano.a
LOAD C:/ST/STM32CubeIDE_1.19.0/STM32CubeIDE/plugins/com.st.stm32cube.ide.mcu.externaltools.gnu-tools-for-stm32.13.3.rel1.win32_1.0.0.202411081344/tools/bin/../lib/gcc/arm-none-eabi/13.3.1/../../../../arm-none-eabi/lib/thumb/v7e-m+fp/hard\libm.a
END GROUP
START GROUP
LOAD C:/ST/STM32CubeIDE_1.19.0/STM32CubeIDE/plugins/com.st.stm32cube.ide.mcu.externaltools.gnu-tools-for-stm32.13.3.rel1.win32_1.0.0.202411081344/tools/bin/../lib/gcc/arm-none-eabi/13.3.1/thumb/v7e-m+fp/hard\libgcc.a
LOAD C:/ST/STM32CubeIDE_1.19.0/STM32CubeIDE/plugins/com.st.stm32cube.ide.mcu.externaltools.gnu-tools-for-stm32.13.3.rel1.win32_1.0.0.202411081344/tools/bin/../lib/gcc/arm-none-eabi/13.3.1/../../../../arm-none-eabi/lib/thumb/v7e-m+fp/hard\libc_nano.a
END GROUP
START GROUP
LOAD C:/ST/STM32CubeIDE_1.19.0/STM32CubeIDE/plugins/com.st.stm32cube.ide.mcu.externaltools.gnu-tools-for-stm32.13.3.rel1.win32_1.0.0.202411081344/tools/bin/../lib/gcc/arm-none-eabi/13.3.1/thumb/v7e-m+fp/hard\libgcc.a
LOAD C:/ST/STM32CubeIDE_1.19.0/STM32CubeIDE/plugins/com.st.stm32cube.ide.mcu.externaltools.gnu-tools-for-stm32.13.3.rel1.win32_1.0.0.202411081344/tools/bin/../lib/gcc/arm-none-eabi/13.3.1/../../../../arm-none-eabi/lib/thumb/v7e-m+fp/hard\libc_nano.a
LOAD C:/ST/STM32CubeIDE_1.19.0/STM32CubeIDE/plugins/com.st.stm32cube.ide.mcu.externaltools.gnu-tools-for-stm32.13.3.rel1.win32_1.0.0.202411081344/tools/bin/../lib/gcc/arm-none-eabi/13.3.1/../../../../arm-none-eabi/lib/thumb/v7e-m+fp/hard\libnosys.a
END GROUP
START GROUP
LOAD C:/ST/STM32CubeIDE_1.19.0/STM32CubeIDE/plugins/com.st.stm32cube.ide.mcu.externaltools.gnu-tools-for-stm32.13.3.rel1.win32_1.0.0.202411081344/tools/bin/../lib/gcc/arm-none-eabi/13.3.1/thumb/v7e-m+fp/hard\libgcc.a
LOAD C:/ST/STM32CubeIDE_1.19.0/STM32CubeIDE/plugins/com.st.stm32cube.ide.mcu.externaltools.gnu-tools-for-stm32.13.3.rel1.win32_1.0.0.202411081344/tools/bin/../lib/gcc/arm-none-eabi/13.3.1/../../../../arm-none-eabi/lib/thumb/v7e-m+fp/hard\libc_nano.a
LOAD C:/ST/STM32CubeIDE_1.19.0/STM32CubeIDE/plugins/com.st.stm32cube.ide.mcu.externaltools.gnu-tools-for-stm32.13.3.rel1.win32_1.0.0.202411081344/tools/bin/../lib/gcc/arm-none-eabi/13.3.1/../../../../arm-none-eabi/lib/thumb/v7e-m+fp/hard\libnosys.a
END GROUP
LOAD C:/ST/STM32CubeIDE_1.19.0/STM32CubeIDE/plugins/com.st.stm32cube.ide.mcu.externaltools.gnu-tools-for-stm32.13.3.rel1.win32_1.0.0.202411081344/tools/bin/../lib/gcc/arm-none-eabi/13.3.1/thumb/v7e-m+fp/hard/crtend.o
LOAD C:/ST/STM32CubeIDE_1.19.0/STM32CubeIDE/plugins/com.st.stm32cube.ide.mcu.externaltools.gnu-tools-for-stm32.13.3.rel1.win32_1.0.0.202411081344/tools/bin/../lib/gcc/arm-none-eabi/13.3.1/thumb/v7e-m+fp/hard/crtn.o
                0x20004000                        _estack = (ORIGIN (RAM) + LENGTH (RAM))
                0x00000200                        _Min_Heap_Size = 0x200
                0x00000400                        _Min_Stack_Size = 0x400

.isr_vector     0x08000000      0x188
                0x08000000                        . = ALIGN (0x4)
 *(.isr_vector)
 .isr_vector    0x08000000      0x188 ./Startup/startup_stm32f302r8tx.o
                0x08000000                g_pfnVectors
                0x08000188                        . = ALIGN (0x4)

.text           0x08000190     0x280c
                0x08000190                        . = ALIGN (0x4)
 *(.text)
 .text          0x08000190       0x40 C:/ST/STM32CubeIDE_1.19.0/STM32CubeIDE/plugins/com.st.stm32cube.ide.mcu.externaltools.gnu-tools-for-stm32.13.3.rel1.win32_1.0.0.202411081344/tools/bin/../lib/gcc/arm-none-eabi/13.3.1/thumb/v7e-m+fp/hard/crtbegin.o
 .text          0x080001d0       0xa0 C:/ST/STM32CubeIDE_1.19.0/STM32CubeIDE/plugins/com.st.stm32cube.ide.mcu.externaltools.gnu-tools-for-stm32.13.3.rel1.win32_1.0.0.202411081344/tools/bin/../lib/gcc/arm-none-eabi/13.3.1/../../../../arm-none-eabi/lib/thumb/v7e-m+fp/hard\libc_nano.a(libc_a-memchr.o)
                0x080001d0                memchr
 *(.text*)
 .text.EXTI_Init
                0x08000270      0x20c ./SPL/src/stm32f30x_exti.o
                0x08000270                EXTI_Init
 .text.EXTI_GetITStatus
                0x0800047c       0x70 ./SPL/src/stm32f30x_exti.o
                0x0800047c                EXTI_GetITStatus
 .text.EXTI_ClearITPendingBit
                0x080004ec       0x34 ./SPL/src/stm32f30x_exti.o
                0x080004ec                EXTI_ClearITPendingBit
 .text.GPIO_Init
                0x08000520      0x12c ./SPL/src/stm32f30x_gpio.o
                0x08000520                GPIO_Init
 .text.GPIO_StructInit
                0x0800064c       0x34 ./SPL/src/stm32f30x_gpio.o
                0x0800064c                GPIO_StructInit
 .text.GPIO_ReadInputDataBit
                0x08000680       0x38 ./SPL/src/stm32f30x_gpio.o
                0x08000680                GPIO_ReadInputDataBit
 .text.GPIO_WriteBit
                0x080006b8       0x30 ./SPL/src/stm32f30x_gpio.o
                0x080006b8                GPIO_WriteBit
 .text.NVIC_PriorityGroupConfig
                0x080006e8       0x28 ./SPL/src/stm32f30x_misc.o
                0x080006e8                NVIC_PriorityGroupConfig
 .text.NVIC_Init
                0x08000710       0xc8 ./SPL/src/stm32f30x_misc.o
                0x08000710                NVIC_Init
 .text.RCC_GetClocksFreq
                0x080007d8      0x428 ./SPL/src/stm32f30x_rcc.o
                0x080007d8                RCC_GetClocksFreq
 .text.RCC_AHBPeriphClockCmd
                0x08000c00       0x40 ./SPL/src/stm32f30x_rcc.o
                0x08000c00                RCC_AHBPeriphClockCmd
 .text.RCC_APB2PeriphClockCmd
                0x08000c40       0x40 ./SPL/src/stm32f30x_rcc.o
                0x08000c40                RCC_APB2PeriphClockCmd
 .text.SYSCFG_EXTILineConfig
                0x08000c80       0x84 ./SPL/src/stm32f30x_syscfg.o
                0x08000c80                SYSCFG_EXTILineConfig
 .text.USART_SendData
                0x08000d04       0x24 ./SPL/src/stm32f30x_usart.o
                0x08000d04                USART_SendData
 .text.USART_ITConfig
                0x08000d28       0x84 ./SPL/src/stm32f30x_usart.o
                0x08000d28                USART_ITConfig
 .text.USART_GetFlagStatus
                0x08000dac       0x32 ./SPL/src/stm32f30x_usart.o
                0x08000dac                USART_GetFlagStatus
 .text.USART_GetITStatus
                0x08000dde       0xa0 ./SPL/src/stm32f30x_usart.o
                0x08000dde                USART_GetITStatus
 *fill*         0x08000e7e        0x2 
 .text.NVIC_EnableIRQ
                0x08000e80       0x34 ./Src/30010_io.o
 .text.uart_put_char
                0x08000eb4       0x34 ./Src/30010_io.o
                0x08000eb4                uart_put_char
 .text._write_r
                0x08000ee8       0x4c ./Src/30010_io.o
                0x08000ee8                _write_r
 .text.USART2_IRQHandler
                0x08000f34       0x74 ./Src/30010_io.o
                0x08000f34                USART2_IRQHandler
 .text.uart_init
                0x08000fa8      0x234 ./Src/30010_io.o
                0x08000fa8                uart_init
 .text.initJoystick
                0x080011dc       0x90 ./Src/joystick.o
                0x080011dc                initJoystick
 .text.readJoystick
                0x0800126c       0xa8 ./Src/joystick.o
                0x0800126c                readJoystick
 .text.initLED  0x08001314       0xa4 ./Src/led.o
                0x08001314                initLED
 .text.setLED   0x080013b8      0x168 ./Src/led.o
                0x080013b8                setLED
 .text.EXTI9_5_IRQHandler
                0x08001520       0x84 ./Src/main.o
                0x08001520                EXTI9_5_IRQHandler
 .text.configEXTIA4
                0x080015a4       0x58 ./Src/main.o
                0x080015a4                configEXTIA4
 .text.EXTI4_IRQHandler
                0x080015fc       0x20 ./Src/main.o
                0x080015fc                EXTI4_IRQHandler
 .text.EXTI0_IRQHandler
                0x0800161c        0xe ./Src/main.o
                0x0800161c                EXTI0_IRQHandler
 *fill*         0x0800162a        0x2 
 .text.main     0x0800162c       0xac ./Src/main.o
                0x0800162c                main
 .text._read    0x080016d8       0x3a ./Src/syscalls.o
                0x080016d8                _read
 .text._close   0x08001712       0x18 ./Src/syscalls.o
                0x08001712                _close
 .text._fstat   0x0800172a       0x20 ./Src/syscalls.o
                0x0800172a                _fstat
 .text._isatty  0x0800174a       0x16 ./Src/syscalls.o
                0x0800174a                _isatty
 .text._lseek   0x08001760       0x1a ./Src/syscalls.o
                0x08001760                _lseek
 *fill*         0x0800177a        0x2 
 .text.SystemInit
                0x0800177c       0x94 ./Src/system_stm32f30x.o
                0x0800177c                SystemInit
 .text.SetSysClock
                0x08001810       0x94 ./Src/system_stm32f30x.o
 .text.Reset_Handler
                0x080018a4       0x50 ./Startup/startup_stm32f302r8tx.o
                0x080018a4                Reset_Handler
 .text.Default_Handler
                0x080018f4        0x2 ./Startup/startup_stm32f302r8tx.o
                0x080018f4                TIM8_TRG_COM_IRQHandler
                0x080018f4                TIM8_CC_IRQHandler
                0x080018f4                DebugMon_Handler
                0x080018f4                DMA1_CH4_IRQHandler
                0x080018f4                TIM1_CC_IRQHandler
                0x080018f4                HardFault_Handler
                0x080018f4                USB_HP_IRQHandler
                0x080018f4                I2C2_EV_EXTI24_IRQHandler
                0x080018f4                SysTick_Handler
                0x080018f4                USB_WKUP_EXTI_IRQHandler
                0x080018f4                PVD_IRQHandler
                0x080018f4                UART4_EXTI34_IRQHandler
                0x080018f4                TAMP_STAMP_IRQHandler
                0x080018f4                PendSV_Handler
                0x080018f4                NMI_Handler
                0x080018f4                EXTI3_IRQHandler
                0x080018f4                TIM6_DACUNDER_IRQHandler
                0x080018f4                USB_HP_CAN_TX_IRQHandler
                0x080018f4                DMA2_CH1_IRQHandler
                0x080018f4                FPU_IRQHandler
                0x080018f4                TIM1_UP_TIM16_IRQHandler
                0x080018f4                UsageFault_Handler
                0x080018f4                ADC1_2_IRQHandler
                0x080018f4                SPI1_IRQHandler
                0x080018f4                CAN_SCE_IRQHandler
                0x080018f4                DMA1_CH7_IRQHandler
                0x080018f4                TIM8_UP_IRQHandler
                0x080018f4                DMA1_CH6_IRQHandler
                0x080018f4                ADC3_IRQHandler
                0x080018f4                TIM4_IRQHandler
                0x080018f4                CAN_RX1_IRQHandler
                0x080018f4                USART1_EXTI25_IRQHandler
                0x080018f4                DMA2_CH5_IRQHandler
                0x080018f4                I2C1_EV_EXTI23_IRQHandler
                0x080018f4                DMA1_CH3_IRQHandler
                0x080018f4                TIM3_IRQHandler
                0x080018f4                RCC_IRQHandler
                0x080018f4                Default_Handler
                0x080018f4                EXTI15_10_IRQHandler
                0x080018f4                USART2_EXTI26_IRQHandler
                0x080018f4                USART3_EXTI28_IRQHandler
                0x080018f4                TIM7_IRQHandler
                0x080018f4                DMA1_CH2_IRQHandler
                0x080018f4                RTC_WKUP_IRQHandler
                0x080018f4                SPI2_IRQHandler
                0x080018f4                DMA1_CH1_IRQHandler
                0x080018f4                USB_LP_CAN_RX0_IRQHandler
                0x080018f4                MemManage_Handler
                0x080018f4                SVC_Handler
                0x080018f4                USB_LP_IRQHandler
                0x080018f4                TIM1_TRG_COM_TIM17_IRQHandler
                0x080018f4                ADC4_IRQHandler
                0x080018f4                WWDG_IRQHandler
                0x080018f4                TIM2_IRQHandler
                0x080018f4                EXTI1_IRQHandler
                0x080018f4                RTCAlarm_IRQHandler
                0x080018f4                UART5_EXTI35_IRQHandler
                0x080018f4                I2C2_ER_IRQHandler
                0x080018f4                TIM8_BRK_IRQHandler
                0x080018f4                FLASH_IRQHandler
                0x080018f4                BusFault_Handler
                0x080018f4                SPI3_IRQHandler
                0x080018f4                DMA2_CH3_IRQHandler
                0x080018f4                DMA2_CH2_IRQHandler
                0x080018f4                I2C1_ER_IRQHandler
                0x080018f4                FMC_IRQHandler
                0x080018f4                DMA1_CH5_IRQHandler
                0x080018f4                DMA2_CH4_IRQHandler
                0x080018f4                USB_WKUP_IRQHandler
                0x080018f4                EXTI2_TSC_IRQHandler
                0x080018f4                TIM1_BRK_TIM15_IRQHandler
 *fill*         0x080018f6        0x2 
 .text.std      0x080018f8       0x6c C:/ST/STM32CubeIDE_1.19.0/STM32CubeIDE/plugins/com.st.stm32cube.ide.mcu.externaltools.gnu-tools-for-stm32.13.3.rel1.win32_1.0.0.202411081344/tools/bin/../lib/gcc/arm-none-eabi/13.3.1/../../../../arm-none-eabi/lib/thumb/v7e-m+fp/hard\libc_nano.a(libc_a-findfp.o)
 .text.stdio_exit_handler
                0x08001964       0x18 C:/ST/STM32CubeIDE_1.19.0/STM32CubeIDE/plugins/com.st.stm32cube.ide.mcu.externaltools.gnu-tools-for-stm32.13.3.rel1.win32_1.0.0.202411081344/tools/bin/../lib/gcc/arm-none-eabi/13.3.1/../../../../arm-none-eabi/lib/thumb/v7e-m+fp/hard\libc_nano.a(libc_a-findfp.o)
 .text.cleanup_stdio
                0x0800197c       0x40 C:/ST/STM32CubeIDE_1.19.0/STM32CubeIDE/plugins/com.st.stm32cube.ide.mcu.externaltools.gnu-tools-for-stm32.13.3.rel1.win32_1.0.0.202411081344/tools/bin/../lib/gcc/arm-none-eabi/13.3.1/../../../../arm-none-eabi/lib/thumb/v7e-m+fp/hard\libc_nano.a(libc_a-findfp.o)
 .text.global_stdio_init.part.0
                0x080019bc       0x3c C:/ST/STM32CubeIDE_1.19.0/STM32CubeIDE/plugins/com.st.stm32cube.ide.mcu.externaltools.gnu-tools-for-stm32.13.3.rel1.win32_1.0.0.202411081344/tools/bin/../lib/gcc/arm-none-eabi/13.3.1/../../../../arm-none-eabi/lib/thumb/v7e-m+fp/hard\libc_nano.a(libc_a-findfp.o)
 .text.__sfp_lock_acquire
                0x080019f8        0xc C:/ST/STM32CubeIDE_1.19.0/STM32CubeIDE/plugins/com.st.stm32cube.ide.mcu.externaltools.gnu-tools-for-stm32.13.3.rel1.win32_1.0.0.202411081344/tools/bin/../lib/gcc/arm-none-eabi/13.3.1/../../../../arm-none-eabi/lib/thumb/v7e-m+fp/hard\libc_nano.a(libc_a-findfp.o)
                0x080019f8                __sfp_lock_acquire
 .text.__sfp_lock_release
                0x08001a04        0xc C:/ST/STM32CubeIDE_1.19.0/STM32CubeIDE/plugins/com.st.stm32cube.ide.mcu.externaltools.gnu-tools-for-stm32.13.3.rel1.win32_1.0.0.202411081344/tools/bin/../lib/gcc/arm-none-eabi/13.3.1/../../../../arm-none-eabi/lib/thumb/v7e-m+fp/hard\libc_nano.a(libc_a-findfp.o)
                0x08001a04                __sfp_lock_release
 .text.__sinit  0x08001a10       0x30 C:/ST/STM32CubeIDE_1.19.0/STM32CubeIDE/plugins/com.st.stm32cube.ide.mcu.externaltools.gnu-tools-for-stm32.13.3.rel1.win32_1.0.0.202411081344/tools/bin/../lib/gcc/arm-none-eabi/13.3.1/../../../../arm-none-eabi/lib/thumb/v7e-m+fp/hard\libc_nano.a(libc_a-findfp.o)
                0x08001a10                __sinit
 .text._fwalk_sglue
                0x08001a40       0x3c C:/ST/STM32CubeIDE_1.19.0/STM32CubeIDE/plugins/com.st.stm32cube.ide.mcu.externaltools.gnu-tools-for-stm32.13.3.rel1.win32_1.0.0.202411081344/tools/bin/../lib/gcc/arm-none-eabi/13.3.1/../../../../arm-none-eabi/lib/thumb/v7e-m+fp/hard\libc_nano.a(libc_a-fwalk.o)
                0x08001a40                _fwalk_sglue
 .text.printf   0x08001a7c       0x24 C:/ST/STM32CubeIDE_1.19.0/STM32CubeIDE/plugins/com.st.stm32cube.ide.mcu.externaltools.gnu-tools-for-stm32.13.3.rel1.win32_1.0.0.202411081344/tools/bin/../lib/gcc/arm-none-eabi/13.3.1/../../../../arm-none-eabi/lib/thumb/v7e-m+fp/hard\libc_nano.a(libc_a-printf.o)
                0x08001a7c                iprintf
                0x08001a7c                printf
 .text._puts_r  0x08001aa0       0xaa C:/ST/STM32CubeIDE_1.19.0/STM32CubeIDE/plugins/com.st.stm32cube.ide.mcu.externaltools.gnu-tools-for-stm32.13.3.rel1.win32_1.0.0.202411081344/tools/bin/../lib/gcc/arm-none-eabi/13.3.1/../../../../arm-none-eabi/lib/thumb/v7e-m+fp/hard\libc_nano.a(libc_a-puts.o)
                0x08001aa0                _puts_r
 *fill*         0x08001b4a        0x2 
 .text.puts     0x08001b4c       0x10 C:/ST/STM32CubeIDE_1.19.0/STM32CubeIDE/plugins/com.st.stm32cube.ide.mcu.externaltools.gnu-tools-for-stm32.13.3.rel1.win32_1.0.0.202411081344/tools/bin/../lib/gcc/arm-none-eabi/13.3.1/../../../../arm-none-eabi/lib/thumb/v7e-m+fp/hard\libc_nano.a(libc_a-puts.o)
                0x08001b4c                puts
 .text.setbuf   0x08001b5c       0x10 C:/ST/STM32CubeIDE_1.19.0/STM32CubeIDE/plugins/com.st.stm32cube.ide.mcu.externaltools.gnu-tools-for-stm32.13.3.rel1.win32_1.0.0.202411081344/tools/bin/../lib/gcc/arm-none-eabi/13.3.1/../../../../arm-none-eabi/lib/thumb/v7e-m+fp/hard\libc_nano.a(libc_a-setbuf.o)
                0x08001b5c                setbuf
 .text.setvbuf  0x08001b6c      0x168 C:/ST/STM32CubeIDE_1.19.0/STM32CubeIDE/plugins/com.st.stm32cube.ide.mcu.externaltools.gnu-tools-for-stm32.13.3.rel1.win32_1.0.0.202411081344/tools/bin/../lib/gcc/arm-none-eabi/13.3.1/../../../../arm-none-eabi/lib/thumb/v7e-m+fp/hard\libc_nano.a(libc_a-setvbuf.o)
                0x08001b6c                setvbuf
 .text.__sread  0x08001cd4       0x22 C:/ST/STM32CubeIDE_1.19.0/STM32CubeIDE/plugins/com.st.stm32cube.ide.mcu.externaltools.gnu-tools-for-stm32.13.3.rel1.win32_1.0.0.202411081344/tools/bin/../lib/gcc/arm-none-eabi/13.3.1/../../../../arm-none-eabi/lib/thumb/v7e-m+fp/hard\libc_nano.a(libc_a-stdio.o)
                0x08001cd4                __sread
 .text.__swrite
                0x08001cf6       0x38 C:/ST/STM32CubeIDE_1.19.0/STM32CubeIDE/plugins/com.st.stm32cube.ide.mcu.externaltools.gnu-tools-for-stm32.13.3.rel1.win32_1.0.0.202411081344/tools/bin/../lib/gcc/arm-none-eabi/13.3.1/../../../../arm-none-eabi/lib/thumb/v7e-m+fp/hard\libc_nano.a(libc_a-stdio.o)
                0x08001cf6                __swrite
 .text.__sseek  0x08001d2e       0x24 C:/ST/STM32CubeIDE_1.19.0/STM32CubeIDE/plugins/com.st.stm32cube.ide.mcu.externaltools.gnu-tools-for-stm32.13.3.rel1.win32_1.0.0.202411081344/tools/bin/../lib/gcc/arm-none-eabi/13.3.1/../../../../arm-none-eabi/lib/thumb/v7e-m+fp/hard\libc_nano.a(libc_a-stdio.o)
                0x08001d2e                __sseek
 .text.__sclose
                0x08001d52        0x8 C:/ST/STM32CubeIDE_1.19.0/STM32CubeIDE/plugins/com.st.stm32cube.ide.mcu.externaltools.gnu-tools-for-stm32.13.3.rel1.win32_1.0.0.202411081344/tools/bin/../lib/gcc/arm-none-eabi/13.3.1/../../../../arm-none-eabi/lib/thumb/v7e-m+fp/hard\libc_nano.a(libc_a-stdio.o)
                0x08001d52                __sclose
 .text.__swbuf_r
                0x08001d5a       0x7c C:/ST/STM32CubeIDE_1.19.0/STM32CubeIDE/plugins/com.st.stm32cube.ide.mcu.externaltools.gnu-tools-for-stm32.13.3.rel1.win32_1.0.0.202411081344/tools/bin/../lib/gcc/arm-none-eabi/13.3.1/../../../../arm-none-eabi/lib/thumb/v7e-m+fp/hard\libc_nano.a(libc_a-wbuf.o)
                0x08001d5a                __swbuf_r
 *fill*         0x08001dd6        0x2 
 .text.__swsetup_r
                0x08001dd8       0xac C:/ST/STM32CubeIDE_1.19.0/STM32CubeIDE/plugins/com.st.stm32cube.ide.mcu.externaltools.gnu-tools-for-stm32.13.3.rel1.win32_1.0.0.202411081344/tools/bin/../lib/gcc/arm-none-eabi/13.3.1/../../../../arm-none-eabi/lib/thumb/v7e-m+fp/hard\libc_nano.a(libc_a-wsetup.o)
                0x08001dd8                __swsetup_r
 .text.memset   0x08001e84       0x10 C:/ST/STM32CubeIDE_1.19.0/STM32CubeIDE/plugins/com.st.stm32cube.ide.mcu.externaltools.gnu-tools-for-stm32.13.3.rel1.win32_1.0.0.202411081344/tools/bin/../lib/gcc/arm-none-eabi/13.3.1/../../../../arm-none-eabi/lib/thumb/v7e-m+fp/hard\libc_nano.a(libc_a-memset.o)
                0x08001e84                memset
 .text._close_r
                0x08001e94       0x20 C:/ST/STM32CubeIDE_1.19.0/STM32CubeIDE/plugins/com.st.stm32cube.ide.mcu.externaltools.gnu-tools-for-stm32.13.3.rel1.win32_1.0.0.202411081344/tools/bin/../lib/gcc/arm-none-eabi/13.3.1/../../../../arm-none-eabi/lib/thumb/v7e-m+fp/hard\libc_nano.a(libc_a-closer.o)
                0x08001e94                _close_r
 .text._lseek_r
                0x08001eb4       0x24 C:/ST/STM32CubeIDE_1.19.0/STM32CubeIDE/plugins/com.st.stm32cube.ide.mcu.externaltools.gnu-tools-for-stm32.13.3.rel1.win32_1.0.0.202411081344/tools/bin/../lib/gcc/arm-none-eabi/13.3.1/../../../../arm-none-eabi/lib/thumb/v7e-m+fp/hard\libc_nano.a(libc_a-lseekr.o)
                0x08001eb4                _lseek_r
 .text._read_r  0x08001ed8       0x24 C:/ST/STM32CubeIDE_1.19.0/STM32CubeIDE/plugins/com.st.stm32cube.ide.mcu.externaltools.gnu-tools-for-stm32.13.3.rel1.win32_1.0.0.202411081344/tools/bin/../lib/gcc/arm-none-eabi/13.3.1/../../../../arm-none-eabi/lib/thumb/v7e-m+fp/hard\libc_nano.a(libc_a-readr.o)
                0x08001ed8                _read_r
 .text.__libc_init_array
                0x08001efc       0x48 C:/ST/STM32CubeIDE_1.19.0/STM32CubeIDE/plugins/com.st.stm32cube.ide.mcu.externaltools.gnu-tools-for-stm32.13.3.rel1.win32_1.0.0.202411081344/tools/bin/../lib/gcc/arm-none-eabi/13.3.1/../../../../arm-none-eabi/lib/thumb/v7e-m+fp/hard\libc_nano.a(libc_a-init.o)
                0x08001efc                __libc_init_array
 .text.__retarget_lock_init_recursive
                0x08001f44        0x2 C:/ST/STM32CubeIDE_1.19.0/STM32CubeIDE/plugins/com.st.stm32cube.ide.mcu.externaltools.gnu-tools-for-stm32.13.3.rel1.win32_1.0.0.202411081344/tools/bin/../lib/gcc/arm-none-eabi/13.3.1/../../../../arm-none-eabi/lib/thumb/v7e-m+fp/hard\libc_nano.a(libc_a-lock.o)
                0x08001f44                __retarget_lock_init_recursive
 .text.__retarget_lock_acquire_recursive
                0x08001f46        0x2 C:/ST/STM32CubeIDE_1.19.0/STM32CubeIDE/plugins/com.st.stm32cube.ide.mcu.externaltools.gnu-tools-for-stm32.13.3.rel1.win32_1.0.0.202411081344/tools/bin/../lib/gcc/arm-none-eabi/13.3.1/../../../../arm-none-eabi/lib/thumb/v7e-m+fp/hard\libc_nano.a(libc_a-lock.o)
                0x08001f46                __retarget_lock_acquire_recursive
 .text.__retarget_lock_release_recursive
                0x08001f48        0x2 C:/ST/STM32CubeIDE_1.19.0/STM32CubeIDE/plugins/com.st.stm32cube.ide.mcu.externaltools.gnu-tools-for-stm32.13.3.rel1.win32_1.0.0.202411081344/tools/bin/../lib/gcc/arm-none-eabi/13.3.1/../../../../arm-none-eabi/lib/thumb/v7e-m+fp/hard\libc_nano.a(libc_a-lock.o)
                0x08001f48                __retarget_lock_release_recursive
 *fill*         0x08001f4a        0x2 
 .text._free_r  0x08001f4c       0x94 C:/ST/STM32CubeIDE_1.19.0/STM32CubeIDE/plugins/com.st.stm32cube.ide.mcu.externaltools.gnu-tools-for-stm32.13.3.rel1.win32_1.0.0.202411081344/tools/bin/../lib/gcc/arm-none-eabi/13.3.1/../../../../arm-none-eabi/lib/thumb/v7e-m+fp/hard\libc_nano.a(libc_a-freer.o)
                0x08001f4c                _free_r
 .text.malloc   0x08001fe0       0x10 C:/ST/STM32CubeIDE_1.19.0/STM32CubeIDE/plugins/com.st.stm32cube.ide.mcu.externaltools.gnu-tools-for-stm32.13.3.rel1.win32_1.0.0.202411081344/tools/bin/../lib/gcc/arm-none-eabi/13.3.1/../../../../arm-none-eabi/lib/thumb/v7e-m+fp/hard\libc_nano.a(libc_a-malloc.o)
                0x08001fe0                malloc
 .text.sbrk_aligned
                0x08001ff0       0x44 C:/ST/STM32CubeIDE_1.19.0/STM32CubeIDE/plugins/com.st.stm32cube.ide.mcu.externaltools.gnu-tools-for-stm32.13.3.rel1.win32_1.0.0.202411081344/tools/bin/../lib/gcc/arm-none-eabi/13.3.1/../../../../arm-none-eabi/lib/thumb/v7e-m+fp/hard\libc_nano.a(libc_a-mallocr.o)
 .text._malloc_r
                0x08002034      0x100 C:/ST/STM32CubeIDE_1.19.0/STM32CubeIDE/plugins/com.st.stm32cube.ide.mcu.externaltools.gnu-tools-for-stm32.13.3.rel1.win32_1.0.0.202411081344/tools/bin/../lib/gcc/arm-none-eabi/13.3.1/../../../../arm-none-eabi/lib/thumb/v7e-m+fp/hard\libc_nano.a(libc_a-mallocr.o)
                0x08002034                _malloc_r
 .text.__malloc_lock
                0x08002134        0xc C:/ST/STM32CubeIDE_1.19.0/STM32CubeIDE/plugins/com.st.stm32cube.ide.mcu.externaltools.gnu-tools-for-stm32.13.3.rel1.win32_1.0.0.202411081344/tools/bin/../lib/gcc/arm-none-eabi/13.3.1/../../../../arm-none-eabi/lib/thumb/v7e-m+fp/hard\libc_nano.a(libc_a-mlock.o)
                0x08002134                __malloc_lock
 .text.__malloc_unlock
                0x08002140        0xc C:/ST/STM32CubeIDE_1.19.0/STM32CubeIDE/plugins/com.st.stm32cube.ide.mcu.externaltools.gnu-tools-for-stm32.13.3.rel1.win32_1.0.0.202411081344/tools/bin/../lib/gcc/arm-none-eabi/13.3.1/../../../../arm-none-eabi/lib/thumb/v7e-m+fp/hard\libc_nano.a(libc_a-mlock.o)
                0x08002140                __malloc_unlock
 .text.__sfputc_r
                0x0800214c       0x2e C:/ST/STM32CubeIDE_1.19.0/STM32CubeIDE/plugins/com.st.stm32cube.ide.mcu.externaltools.gnu-tools-for-stm32.13.3.rel1.win32_1.0.0.202411081344/tools/bin/../lib/gcc/arm-none-eabi/13.3.1/../../../../arm-none-eabi/lib/thumb/v7e-m+fp/hard\libc_nano.a(libc_a-nano-vfprintf.o)
 .text.__sfputs_r
                0x0800217a       0x24 C:/ST/STM32CubeIDE_1.19.0/STM32CubeIDE/plugins/com.st.stm32cube.ide.mcu.externaltools.gnu-tools-for-stm32.13.3.rel1.win32_1.0.0.202411081344/tools/bin/../lib/gcc/arm-none-eabi/13.3.1/../../../../arm-none-eabi/lib/thumb/v7e-m+fp/hard\libc_nano.a(libc_a-nano-vfprintf.o)
                0x0800217a                __sfputs_r
 *fill*         0x0800219e        0x2 
 .text._vfprintf_r
                0x080021a0      0x230 C:/ST/STM32CubeIDE_1.19.0/STM32CubeIDE/plugins/com.st.stm32cube.ide.mcu.externaltools.gnu-tools-for-stm32.13.3.rel1.win32_1.0.0.202411081344/tools/bin/../lib/gcc/arm-none-eabi/13.3.1/../../../../arm-none-eabi/lib/thumb/v7e-m+fp/hard\libc_nano.a(libc_a-nano-vfprintf.o)
                0x080021a0                _vfprintf_r
                0x080021a0                _vfiprintf_r
 .text._printf_common
                0x080023d0       0xda C:/ST/STM32CubeIDE_1.19.0/STM32CubeIDE/plugins/com.st.stm32cube.ide.mcu.externaltools.gnu-tools-for-stm32.13.3.rel1.win32_1.0.0.202411081344/tools/bin/../lib/gcc/arm-none-eabi/13.3.1/../../../../arm-none-eabi/lib/thumb/v7e-m+fp/hard\libc_nano.a(libc_a-nano-vfprintf_i.o)
                0x080023d0                _printf_common
 *fill*         0x080024aa        0x2 
 .text._printf_i
                0x080024ac      0x23c C:/ST/STM32CubeIDE_1.19.0/STM32CubeIDE/plugins/com.st.stm32cube.ide.mcu.externaltools.gnu-tools-for-stm32.13.3.rel1.win32_1.0.0.202411081344/tools/bin/../lib/gcc/arm-none-eabi/13.3.1/../../../../arm-none-eabi/lib/thumb/v7e-m+fp/hard\libc_nano.a(libc_a-nano-vfprintf_i.o)
                0x080024ac                _printf_i
 .text.__sflush_r
                0x080026e8      0x108 C:/ST/STM32CubeIDE_1.19.0/STM32CubeIDE/plugins/com.st.stm32cube.ide.mcu.externaltools.gnu-tools-for-stm32.13.3.rel1.win32_1.0.0.202411081344/tools/bin/../lib/gcc/arm-none-eabi/13.3.1/../../../../arm-none-eabi/lib/thumb/v7e-m+fp/hard\libc_nano.a(libc_a-fflush.o)
                0x080026e8                __sflush_r
 .text._fflush_r
                0x080027f0       0x50 C:/ST/STM32CubeIDE_1.19.0/STM32CubeIDE/plugins/com.st.stm32cube.ide.mcu.externaltools.gnu-tools-for-stm32.13.3.rel1.win32_1.0.0.202411081344/tools/bin/../lib/gcc/arm-none-eabi/13.3.1/../../../../arm-none-eabi/lib/thumb/v7e-m+fp/hard\libc_nano.a(libc_a-fflush.o)
                0x080027f0                _fflush_r
 .text.__swhatbuf_r
                0x08002840       0x4c C:/ST/STM32CubeIDE_1.19.0/STM32CubeIDE/plugins/com.st.stm32cube.ide.mcu.externaltools.gnu-tools-for-stm32.13.3.rel1.win32_1.0.0.202411081344/tools/bin/../lib/gcc/arm-none-eabi/13.3.1/../../../../arm-none-eabi/lib/thumb/v7e-m+fp/hard\libc_nano.a(libc_a-makebuf.o)
                0x08002840                __swhatbuf_r
 .text.__smakebuf_r
                0x0800288c       0x78 C:/ST/STM32CubeIDE_1.19.0/STM32CubeIDE/plugins/com.st.stm32cube.ide.mcu.externaltools.gnu-tools-for-stm32.13.3.rel1.win32_1.0.0.202411081344/tools/bin/../lib/gcc/arm-none-eabi/13.3.1/../../../../arm-none-eabi/lib/thumb/v7e-m+fp/hard\libc_nano.a(libc_a-makebuf.o)
                0x0800288c                __smakebuf_r
 .text._fstat_r
                0x08002904       0x24 C:/ST/STM32CubeIDE_1.19.0/STM32CubeIDE/plugins/com.st.stm32cube.ide.mcu.externaltools.gnu-tools-for-stm32.13.3.rel1.win32_1.0.0.202411081344/tools/bin/../lib/gcc/arm-none-eabi/13.3.1/../../../../arm-none-eabi/lib/thumb/v7e-m+fp/hard\libc_nano.a(libc_a-fstatr.o)
                0x08002904                _fstat_r
 .text._isatty_r
                0x08002928       0x20 C:/ST/STM32CubeIDE_1.19.0/STM32CubeIDE/plugins/com.st.stm32cube.ide.mcu.externaltools.gnu-tools-for-stm32.13.3.rel1.win32_1.0.0.202411081344/tools/bin/../lib/gcc/arm-none-eabi/13.3.1/../../../../arm-none-eabi/lib/thumb/v7e-m+fp/hard\libc_nano.a(libc_a-isattyr.o)
                0x08002928                _isatty_r
 .text._sbrk_r  0x08002948       0x20 C:/ST/STM32CubeIDE_1.19.0/STM32CubeIDE/plugins/com.st.stm32cube.ide.mcu.externaltools.gnu-tools-for-stm32.13.3.rel1.win32_1.0.0.202411081344/tools/bin/../lib/gcc/arm-none-eabi/13.3.1/../../../../arm-none-eabi/lib/thumb/v7e-m+fp/hard\libc_nano.a(libc_a-sbrkr.o)
                0x08002948                _sbrk_r
 .text._sbrk    0x08002968       0x1c C:/ST/STM32CubeIDE_1.19.0/STM32CubeIDE/plugins/com.st.stm32cube.ide.mcu.externaltools.gnu-tools-for-stm32.13.3.rel1.win32_1.0.0.202411081344/tools/bin/../lib/gcc/arm-none-eabi/13.3.1/../../../../arm-none-eabi/lib/thumb/v7e-m+fp/hard\libnosys.a(sbrk.o)
                0x08002968                _sbrk
 *(.glue_7)
 .glue_7        0x08002984        0x0 linker stubs
 *(.glue_7t)
 .glue_7t       0x08002984        0x0 linker stubs
 *(.eh_frame)
 .eh_frame      0x08002984        0x0 C:/ST/STM32CubeIDE_1.19.0/STM32CubeIDE/plugins/com.st.stm32cube.ide.mcu.externaltools.gnu-tools-for-stm32.13.3.rel1.win32_1.0.0.202411081344/tools/bin/../lib/gcc/arm-none-eabi/13.3.1/thumb/v7e-m+fp/hard/crtbegin.o
 *(.init)
 .init          0x08002984        0x4 C:/ST/STM32CubeIDE_1.19.0/STM32CubeIDE/plugins/com.st.stm32cube.ide.mcu.externaltools.gnu-tools-for-stm32.13.3.rel1.win32_1.0.0.202411081344/tools/bin/../lib/gcc/arm-none-eabi/13.3.1/thumb/v7e-m+fp/hard/crti.o
                0x08002984                _init
 .init          0x08002988        0x8 C:/ST/STM32CubeIDE_1.19.0/STM32CubeIDE/plugins/com.st.stm32cube.ide.mcu.externaltools.gnu-tools-for-stm32.13.3.rel1.win32_1.0.0.202411081344/tools/bin/../lib/gcc/arm-none-eabi/13.3.1/thumb/v7e-m+fp/hard/crtn.o
 *(.fini)
 .fini          0x08002990        0x4 C:/ST/STM32CubeIDE_1.19.0/STM32CubeIDE/plugins/com.st.stm32cube.ide.mcu.externaltools.gnu-tools-for-stm32.13.3.rel1.win32_1.0.0.202411081344/tools/bin/../lib/gcc/arm-none-eabi/13.3.1/thumb/v7e-m+fp/hard/crti.o
                0x08002990                _fini
 .fini          0x08002994        0x8 C:/ST/STM32CubeIDE_1.19.0/STM32CubeIDE/plugins/com.st.stm32cube.ide.mcu.externaltools.gnu-tools-for-stm32.13.3.rel1.win32_1.0.0.202411081344/tools/bin/../lib/gcc/arm-none-eabi/13.3.1/thumb/v7e-m+fp/hard/crtn.o
                0x0800299c                        . = ALIGN (0x4)
                0x0800299c                        _etext = .

.vfp11_veneer   0x0800299c        0x0
 .vfp11_veneer  0x0800299c        0x0 linker stubs

.v4_bx          0x0800299c        0x0
 .v4_bx         0x0800299c        0x0 linker stubs

.iplt           0x0800299c        0x0
 .iplt          0x0800299c        0x0 C:/ST/STM32CubeIDE_1.19.0/STM32CubeIDE/plugins/com.st.stm32cube.ide.mcu.externaltools.gnu-tools-for-stm32.13.3.rel1.win32_1.0.0.202411081344/tools/bin/../lib/gcc/arm-none-eabi/13.3.1/thumb/v7e-m+fp/hard/crtbegin.o

.rodata         0x0800299c       0xe8
                0x0800299c                        . = ALIGN (0x4)
 *(.rodata)
 .rodata        0x0800299c       0x85 ./Src/main.o
 *(.rodata*)
 *fill*         0x08002a21        0x3 
 .rodata.APBAHBPrescTable
                0x08002a24       0x10 ./SPL/src/stm32f30x_rcc.o
 .rodata.ADCPrescTable
                0x08002a34       0x1a ./SPL/src/stm32f30x_rcc.o
 .rodata._vfprintf_r.str1.1
                0x08002a4e       0x33 C:/ST/STM32CubeIDE_1.19.0/STM32CubeIDE/plugins/com.st.stm32cube.ide.mcu.externaltools.gnu-tools-for-stm32.13.3.rel1.win32_1.0.0.202411081344/tools/bin/../lib/gcc/arm-none-eabi/13.3.1/../../../../arm-none-eabi/lib/thumb/v7e-m+fp/hard\libc_nano.a(libc_a-nano-vfprintf.o)
                                 0x11 (size before relaxing)
 .rodata._printf_i.str1.1
                0x08002a81       0x22 C:/ST/STM32CubeIDE_1.19.0/STM32CubeIDE/plugins/com.st.stm32cube.ide.mcu.externaltools.gnu-tools-for-stm32.13.3.rel1.win32_1.0.0.202411081344/tools/bin/../lib/gcc/arm-none-eabi/13.3.1/../../../../arm-none-eabi/lib/thumb/v7e-m+fp/hard\libc_nano.a(libc_a-nano-vfprintf_i.o)
                0x08002aa4                        . = ALIGN (0x4)
 *fill*         0x08002a81        0x3 

.ARM.extab      0x08002a84        0x0
                0x08002a84                        . = ALIGN (0x4)
 *(.ARM.extab* .gnu.linkonce.armextab.*)
                0x08002a84                        . = ALIGN (0x4)

.ARM            0x08002a84        0x8
                0x08002a84                        . = ALIGN (0x4)
                0x08002a84                        __exidx_start = .
 *(.ARM.exidx*)
 .ARM.exidx     0x08002a84        0x8 C:/ST/STM32CubeIDE_1.19.0/STM32CubeIDE/plugins/com.st.stm32cube.ide.mcu.externaltools.gnu-tools-for-stm32.13.3.rel1.win32_1.0.0.202411081344/tools/bin/../lib/gcc/arm-none-eabi/13.3.1/../../../../arm-none-eabi/lib/thumb/v7e-m+fp/hard\libc_nano.a(libc_a-memchr.o)
                0x08002a8c                        __exidx_end = .
                0x08002a8c                        . = ALIGN (0x4)

.rel.dyn        0x08002a8c        0x0
 .rel.iplt      0x08002a8c        0x0 C:/ST/STM32CubeIDE_1.19.0/STM32CubeIDE/plugins/com.st.stm32cube.ide.mcu.externaltools.gnu-tools-for-stm32.13.3.rel1.win32_1.0.0.202411081344/tools/bin/../lib/gcc/arm-none-eabi/13.3.1/thumb/v7e-m+fp/hard/crtbegin.o

.preinit_array  0x08002a8c        0x0
                0x08002a8c                        . = ALIGN (0x4)
                0x08002a8c                        PROVIDE (__preinit_array_start = .)
 *(.preinit_array*)
                0x08002a8c                        PROVIDE (__preinit_array_end = .)
                0x08002a8c                        . = ALIGN (0x4)

.init_array     0x08002a8c        0x4
                0x08002a8c                        . = ALIGN (0x4)
                0x08002a8c                        PROVIDE (__init_array_start = .)
 *(SORT_BY_NAME(.init_array.*))
 *(.init_array*)
 .init_array    0x08002a8c        0x4 C:/ST/STM32CubeIDE_1.19.0/STM32CubeIDE/plugins/com.st.stm32cube.ide.mcu.externaltools.gnu-tools-for-stm32.13.3.rel1.win32_1.0.0.202411081344/tools/bin/../lib/gcc/arm-none-eabi/13.3.1/thumb/v7e-m+fp/hard/crtbegin.o
                0x08002a90                        PROVIDE (__init_array_end = .)
                0x08002a90                        . = ALIGN (0x4)

.fini_array     0x08002a90        0x4
                0x08002a90                        . = ALIGN (0x4)
                [!provide]                        PROVIDE (__fini_array_start = .)
 *(SORT_BY_NAME(.fini_array.*))
 *(.fini_array*)
 .fini_array    0x08002a90        0x4 C:/ST/STM32CubeIDE_1.19.0/STM32CubeIDE/plugins/com.st.stm32cube.ide.mcu.externaltools.gnu-tools-for-stm32.13.3.rel1.win32_1.0.0.202411081344/tools/bin/../lib/gcc/arm-none-eabi/13.3.1/thumb/v7e-m+fp/hard/crtbegin.o
                [!provide]                        PROVIDE (__fini_array_end = .)
                0x08002a94                        . = ALIGN (0x4)
                0x08002a94                        _sidata = LOADADDR (.data)

.data           0x20000000       0x5c load address 0x08002a94
                0x20000000                        . = ALIGN (0x4)
                0x20000000                        _sdata = .
 *(.data)
 *(.data*)
 .data.__sglue  0x20000000        0xc C:/ST/STM32CubeIDE_1.19.0/STM32CubeIDE/plugins/com.st.stm32cube.ide.mcu.externaltools.gnu-tools-for-stm32.13.3.rel1.win32_1.0.0.202411081344/tools/bin/../lib/gcc/arm-none-eabi/13.3.1/../../../../arm-none-eabi/lib/thumb/v7e-m+fp/hard\libc_nano.a(libc_a-findfp.o)
                0x20000000                __sglue
 .data._impure_ptr
                0x2000000c        0x4 C:/ST/STM32CubeIDE_1.19.0/STM32CubeIDE/plugins/com.st.stm32cube.ide.mcu.externaltools.gnu-tools-for-stm32.13.3.rel1.win32_1.0.0.202411081344/tools/bin/../lib/gcc/arm-none-eabi/13.3.1/../../../../arm-none-eabi/lib/thumb/v7e-m+fp/hard\libc_nano.a(libc_a-impure.o)
                0x2000000c                _impure_ptr
 .data._impure_data
                0x20000010       0x4c C:/ST/STM32CubeIDE_1.19.0/STM32CubeIDE/plugins/com.st.stm32cube.ide.mcu.externaltools.gnu-tools-for-stm32.13.3.rel1.win32_1.0.0.202411081344/tools/bin/../lib/gcc/arm-none-eabi/13.3.1/../../../../arm-none-eabi/lib/thumb/v7e-m+fp/hard\libc_nano.a(libc_a-impure.o)
                0x20000010                _impure_data
                0x2000005c                        . = ALIGN (0x4)
                0x2000005c                        _edata = .

.igot.plt       0x2000005c        0x0 load address 0x08002af0
 .igot.plt      0x2000005c        0x0 C:/ST/STM32CubeIDE_1.19.0/STM32CubeIDE/plugins/com.st.stm32cube.ide.mcu.externaltools.gnu-tools-for-stm32.13.3.rel1.win32_1.0.0.202411081344/tools/bin/../lib/gcc/arm-none-eabi/13.3.1/thumb/v7e-m+fp/hard/crtbegin.o
                0x2000005c                        . = ALIGN (0x4)

.bss            0x2000005c      0x270 load address 0x08002af0
                0x2000005c                        _sbss = .
                0x2000005c                        __bss_start__ = _sbss
 *(.bss)
 .bss           0x2000005c       0x1c C:/ST/STM32CubeIDE_1.19.0/STM32CubeIDE/plugins/com.st.stm32cube.ide.mcu.externaltools.gnu-tools-for-stm32.13.3.rel1.win32_1.0.0.202411081344/tools/bin/../lib/gcc/arm-none-eabi/13.3.1/thumb/v7e-m+fp/hard/crtbegin.o
 *(.bss*)
 .bss.UART_BUFFER
                0x20000078      0x100 ./Src/30010_io.o
                0x20000078                UART_BUFFER
 .bss.UART_END_IDX
                0x20000178        0x1 ./Src/30010_io.o
                0x20000178                UART_END_IDX
 .bss.UART_START_IDX
                0x20000179        0x1 ./Src/30010_io.o
                0x20000179                UART_START_IDX
 .bss.UART_COUNT
                0x2000017a        0x1 ./Src/30010_io.o
                0x2000017a                UART_COUNT
 *fill*         0x2000017b        0x1 
 .bss.__sf      0x2000017c      0x138 C:/ST/STM32CubeIDE_1.19.0/STM32CubeIDE/plugins/com.st.stm32cube.ide.mcu.externaltools.gnu-tools-for-stm32.13.3.rel1.win32_1.0.0.202411081344/tools/bin/../lib/gcc/arm-none-eabi/13.3.1/../../../../arm-none-eabi/lib/thumb/v7e-m+fp/hard\libc_nano.a(libc_a-findfp.o)
                0x2000017c                __sf
 .bss.__stdio_exit_handler
                0x200002b4        0x4 C:/ST/STM32CubeIDE_1.19.0/STM32CubeIDE/plugins/com.st.stm32cube.ide.mcu.externaltools.gnu-tools-for-stm32.13.3.rel1.win32_1.0.0.202411081344/tools/bin/../lib/gcc/arm-none-eabi/13.3.1/../../../../arm-none-eabi/lib/thumb/v7e-m+fp/hard\libc_nano.a(libc_a-findfp.o)
                0x200002b4                __stdio_exit_handler
 .bss.errno     0x200002b8        0x4 C:/ST/STM32CubeIDE_1.19.0/STM32CubeIDE/plugins/com.st.stm32cube.ide.mcu.externaltools.gnu-tools-for-stm32.13.3.rel1.win32_1.0.0.202411081344/tools/bin/../lib/gcc/arm-none-eabi/13.3.1/../../../../arm-none-eabi/lib/thumb/v7e-m+fp/hard\libc_nano.a(libc_a-reent.o)
                0x200002b8                errno
 .bss.__lock___malloc_recursive_mutex
                0x200002bc        0x1 C:/ST/STM32CubeIDE_1.19.0/STM32CubeIDE/plugins/com.st.stm32cube.ide.mcu.externaltools.gnu-tools-for-stm32.13.3.rel1.win32_1.0.0.202411081344/tools/bin/../lib/gcc/arm-none-eabi/13.3.1/../../../../arm-none-eabi/lib/thumb/v7e-m+fp/hard\libc_nano.a(libc_a-lock.o)
                0x200002bc                __lock___malloc_recursive_mutex
 .bss.__lock___sfp_recursive_mutex
                0x200002bd        0x1 C:/ST/STM32CubeIDE_1.19.0/STM32CubeIDE/plugins/com.st.stm32cube.ide.mcu.externaltools.gnu-tools-for-stm32.13.3.rel1.win32_1.0.0.202411081344/tools/bin/../lib/gcc/arm-none-eabi/13.3.1/../../../../arm-none-eabi/lib/thumb/v7e-m+fp/hard\libc_nano.a(libc_a-lock.o)
                0x200002bd                __lock___sfp_recursive_mutex
 *fill*         0x200002be        0x2 
 .bss.__malloc_sbrk_start
                0x200002c0        0x4 C:/ST/STM32CubeIDE_1.19.0/STM32CubeIDE/plugins/com.st.stm32cube.ide.mcu.externaltools.gnu-tools-for-stm32.13.3.rel1.win32_1.0.0.202411081344/tools/bin/../lib/gcc/arm-none-eabi/13.3.1/../../../../arm-none-eabi/lib/thumb/v7e-m+fp/hard\libc_nano.a(libc_a-mallocr.o)
                0x200002c0                __malloc_sbrk_start
 .bss.__malloc_free_list
                0x200002c4        0x4 C:/ST/STM32CubeIDE_1.19.0/STM32CubeIDE/plugins/com.st.stm32cube.ide.mcu.externaltools.gnu-tools-for-stm32.13.3.rel1.win32_1.0.0.202411081344/tools/bin/../lib/gcc/arm-none-eabi/13.3.1/../../../../arm-none-eabi/lib/thumb/v7e-m+fp/hard\libc_nano.a(libc_a-mallocr.o)
                0x200002c4                __malloc_free_list
 .bss.heap_end.0
                0x200002c8        0x4 C:/ST/STM32CubeIDE_1.19.0/STM32CubeIDE/plugins/com.st.stm32cube.ide.mcu.externaltools.gnu-tools-for-stm32.13.3.rel1.win32_1.0.0.202411081344/tools/bin/../lib/gcc/arm-none-eabi/13.3.1/../../../../arm-none-eabi/lib/thumb/v7e-m+fp/hard\libnosys.a(sbrk.o)
 *(COMMON)
                0x200002cc                        . = ALIGN (0x4)
                0x200002cc                        _ebss = .
                0x200002cc                        __bss_end__ = _ebss

._user_heap_stack
                0x200002cc      0x604 load address 0x08002af0
                0x200002d0                        . = ALIGN (0x8)
 *fill*         0x200002cc        0x4 
                0x200002d0                        PROVIDE (end = .)
                [!provide]                        PROVIDE (_end = .)
                0x200004d0                        . = (. + _Min_Heap_Size)
 *fill*         0x200002d0      0x200 
                0x200008d0                        . = (. + _Min_Stack_Size)
 *fill*         0x200004d0      0x400 
                0x200008d0                        . = ALIGN (0x8)

/DISCARD/
 libc.a(*)
 libm.a(*)
 libgcc.a(*)

.ARM.attributes
                0x00000000       0x30
 *(.ARM.attributes)
 .ARM.attributes
                0x00000000       0x22 C:/ST/STM32CubeIDE_1.19.0/STM32CubeIDE/plugins/com.st.stm32cube.ide.mcu.externaltools.gnu-tools-for-stm32.13.3.rel1.win32_1.0.0.202411081344/tools/bin/../lib/gcc/arm-none-eabi/13.3.1/thumb/v7e-m+fp/hard/crti.o
 .ARM.attributes
                0x00000022       0x34 C:/ST/STM32CubeIDE_1.19.0/STM32CubeIDE/plugins/com.st.stm32cube.ide.mcu.externaltools.gnu-tools-for-stm32.13.3.rel1.win32_1.0.0.202411081344/tools/bin/../lib/gcc/arm-none-eabi/13.3.1/thumb/v7e-m+fp/hard/crtbegin.o
 .ARM.attributes
                0x00000056       0x34 ./SPL/src/stm32f30x_exti.o
 .ARM.attributes
                0x0000008a       0x34 ./SPL/src/stm32f30x_gpio.o
 .ARM.attributes
                0x000000be       0x34 ./SPL/src/stm32f30x_misc.o
 .ARM.attributes
                0x000000f2       0x34 ./SPL/src/stm32f30x_rcc.o
 .ARM.attributes
                0x00000126       0x34 ./SPL/src/stm32f30x_syscfg.o
 .ARM.attributes
                0x0000015a       0x34 ./SPL/src/stm32f30x_usart.o
 .ARM.attributes
                0x0000018e       0x34 ./Src/30010_io.o
 .ARM.attributes
                0x000001c2       0x34 ./Src/joystick.o
 .ARM.attributes
                0x000001f6       0x34 ./Src/led.o
 .ARM.attributes
                0x0000022a       0x34 ./Src/main.o
 .ARM.attributes
                0x0000025e       0x34 ./Src/syscalls.o
 .ARM.attributes
                0x00000292       0x34 ./Src/system_stm32f30x.o
 .ARM.attributes
                0x000002c6       0x21 ./Startup/startup_stm32f302r8tx.o
 .ARM.attributes
                0x000002e7       0x34 C:/ST/STM32CubeIDE_1.19.0/STM32CubeIDE/plugins/com.st.stm32cube.ide.mcu.externaltools.gnu-tools-for-stm32.13.3.rel1.win32_1.0.0.202411081344/tools/bin/../lib/gcc/arm-none-eabi/13.3.1/../../../../arm-none-eabi/lib/thumb/v7e-m+fp/hard\libc_nano.a(libc_a-findfp.o)
 .ARM.attributes
                0x0000031b       0x34 C:/ST/STM32CubeIDE_1.19.0/STM32CubeIDE/plugins/com.st.stm32cube.ide.mcu.externaltools.gnu-tools-for-stm32.13.3.rel1.win32_1.0.0.202411081344/tools/bin/../lib/gcc/arm-none-eabi/13.3.1/../../../../arm-none-eabi/lib/thumb/v7e-m+fp/hard\libc_nano.a(libc_a-fwalk.o)
 .ARM.attributes
                0x0000034f       0x34 C:/ST/STM32CubeIDE_1.19.0/STM32CubeIDE/plugins/com.st.stm32cube.ide.mcu.externaltools.gnu-tools-for-stm32.13.3.rel1.win32_1.0.0.202411081344/tools/bin/../lib/gcc/arm-none-eabi/13.3.1/../../../../arm-none-eabi/lib/thumb/v7e-m+fp/hard\libc_nano.a(libc_a-printf.o)
 .ARM.attributes
                0x00000383       0x34 C:/ST/STM32CubeIDE_1.19.0/STM32CubeIDE/plugins/com.st.stm32cube.ide.mcu.externaltools.gnu-tools-for-stm32.13.3.rel1.win32_1.0.0.202411081344/tools/bin/../lib/gcc/arm-none-eabi/13.3.1/../../../../arm-none-eabi/lib/thumb/v7e-m+fp/hard\libc_nano.a(libc_a-puts.o)
 .ARM.attributes
                0x000003b7       0x34 C:/ST/STM32CubeIDE_1.19.0/STM32CubeIDE/plugins/com.st.stm32cube.ide.mcu.externaltools.gnu-tools-for-stm32.13.3.rel1.win32_1.0.0.202411081344/tools/bin/../lib/gcc/arm-none-eabi/13.3.1/../../../../arm-none-eabi/lib/thumb/v7e-m+fp/hard\libc_nano.a(libc_a-setbuf.o)
 .ARM.attributes
                0x000003eb       0x34 C:/ST/STM32CubeIDE_1.19.0/STM32CubeIDE/plugins/com.st.stm32cube.ide.mcu.externaltools.gnu-tools-for-stm32.13.3.rel1.win32_1.0.0.202411081344/tools/bin/../lib/gcc/arm-none-eabi/13.3.1/../../../../arm-none-eabi/lib/thumb/v7e-m+fp/hard\libc_nano.a(libc_a-setvbuf.o)
 .ARM.attributes
                0x0000041f       0x34 C:/ST/STM32CubeIDE_1.19.0/STM32CubeIDE/plugins/com.st.stm32cube.ide.mcu.externaltools.gnu-tools-for-stm32.13.3.rel1.win32_1.0.0.202411081344/tools/bin/../lib/gcc/arm-none-eabi/13.3.1/../../../../arm-none-eabi/lib/thumb/v7e-m+fp/hard\libc_nano.a(libc_a-stdio.o)
 .ARM.attributes
                0x00000453       0x34 C:/ST/STM32CubeIDE_1.19.0/STM32CubeIDE/plugins/com.st.stm32cube.ide.mcu.externaltools.gnu-tools-for-stm32.13.3.rel1.win32_1.0.0.202411081344/tools/bin/../lib/gcc/arm-none-eabi/13.3.1/../../../../arm-none-eabi/lib/thumb/v7e-m+fp/hard\libc_nano.a(libc_a-wbuf.o)
 .ARM.attributes
                0x00000487       0x34 C:/ST/STM32CubeIDE_1.19.0/STM32CubeIDE/plugins/com.st.stm32cube.ide.mcu.externaltools.gnu-tools-for-stm32.13.3.rel1.win32_1.0.0.202411081344/tools/bin/../lib/gcc/arm-none-eabi/13.3.1/../../../../arm-none-eabi/lib/thumb/v7e-m+fp/hard\libc_nano.a(libc_a-wsetup.o)
 .ARM.attributes
                0x000004bb       0x34 C:/ST/STM32CubeIDE_1.19.0/STM32CubeIDE/plugins/com.st.stm32cube.ide.mcu.externaltools.gnu-tools-for-stm32.13.3.rel1.win32_1.0.0.202411081344/tools/bin/../lib/gcc/arm-none-eabi/13.3.1/../../../../arm-none-eabi/lib/thumb/v7e-m+fp/hard\libc_nano.a(libc_a-memset.o)
 .ARM.attributes
                0x000004ef       0x34 C:/ST/STM32CubeIDE_1.19.0/STM32CubeIDE/plugins/com.st.stm32cube.ide.mcu.externaltools.gnu-tools-for-stm32.13.3.rel1.win32_1.0.0.202411081344/tools/bin/../lib/gcc/arm-none-eabi/13.3.1/../../../../arm-none-eabi/lib/thumb/v7e-m+fp/hard\libc_nano.a(libc_a-closer.o)
 .ARM.attributes
                0x00000523       0x34 C:/ST/STM32CubeIDE_1.19.0/STM32CubeIDE/plugins/com.st.stm32cube.ide.mcu.externaltools.gnu-tools-for-stm32.13.3.rel1.win32_1.0.0.202411081344/tools/bin/../lib/gcc/arm-none-eabi/13.3.1/../../../../arm-none-eabi/lib/thumb/v7e-m+fp/hard\libc_nano.a(libc_a-reent.o)
 .ARM.attributes
                0x00000557       0x34 C:/ST/STM32CubeIDE_1.19.0/STM32CubeIDE/plugins/com.st.stm32cube.ide.mcu.externaltools.gnu-tools-for-stm32.13.3.rel1.win32_1.0.0.202411081344/tools/bin/../lib/gcc/arm-none-eabi/13.3.1/../../../../arm-none-eabi/lib/thumb/v7e-m+fp/hard\libc_nano.a(libc_a-impure.o)
 .ARM.attributes
                0x0000058b       0x34 C:/ST/STM32CubeIDE_1.19.0/STM32CubeIDE/plugins/com.st.stm32cube.ide.mcu.externaltools.gnu-tools-for-stm32.13.3.rel1.win32_1.0.0.202411081344/tools/bin/../lib/gcc/arm-none-eabi/13.3.1/../../../../arm-none-eabi/lib/thumb/v7e-m+fp/hard\libc_nano.a(libc_a-lseekr.o)
 .ARM.attributes
                0x000005bf       0x34 C:/ST/STM32CubeIDE_1.19.0/STM32CubeIDE/plugins/com.st.stm32cube.ide.mcu.externaltools.gnu-tools-for-stm32.13.3.rel1.win32_1.0.0.202411081344/tools/bin/../lib/gcc/arm-none-eabi/13.3.1/../../../../arm-none-eabi/lib/thumb/v7e-m+fp/hard\libc_nano.a(libc_a-readr.o)
 .ARM.attributes
                0x000005f3       0x34 C:/ST/STM32CubeIDE_1.19.0/STM32CubeIDE/plugins/com.st.stm32cube.ide.mcu.externaltools.gnu-tools-for-stm32.13.3.rel1.win32_1.0.0.202411081344/tools/bin/../lib/gcc/arm-none-eabi/13.3.1/../../../../arm-none-eabi/lib/thumb/v7e-m+fp/hard\libc_nano.a(libc_a-init.o)
 .ARM.attributes
                0x00000627       0x34 C:/ST/STM32CubeIDE_1.19.0/STM32CubeIDE/plugins/com.st.stm32cube.ide.mcu.externaltools.gnu-tools-for-stm32.13.3.rel1.win32_1.0.0.202411081344/tools/bin/../lib/gcc/arm-none-eabi/13.3.1/../../../../arm-none-eabi/lib/thumb/v7e-m+fp/hard\libc_nano.a(libc_a-lock.o)
 .ARM.attributes
                0x0000065b       0x34 C:/ST/STM32CubeIDE_1.19.0/STM32CubeIDE/plugins/com.st.stm32cube.ide.mcu.externaltools.gnu-tools-for-stm32.13.3.rel1.win32_1.0.0.202411081344/tools/bin/../lib/gcc/arm-none-eabi/13.3.1/../../../../arm-none-eabi/lib/thumb/v7e-m+fp/hard\libc_nano.a(libc_a-freer.o)
 .ARM.attributes
                0x0000068f       0x34 C:/ST/STM32CubeIDE_1.19.0/STM32CubeIDE/plugins/com.st.stm32cube.ide.mcu.externaltools.gnu-tools-for-stm32.13.3.rel1.win32_1.0.0.202411081344/tools/bin/../lib/gcc/arm-none-eabi/13.3.1/../../../../arm-none-eabi/lib/thumb/v7e-m+fp/hard\libc_nano.a(libc_a-malloc.o)
 .ARM.attributes
                0x000006c3       0x34 C:/ST/STM32CubeIDE_1.19.0/STM32CubeIDE/plugins/com.st.stm32cube.ide.mcu.externaltools.gnu-tools-for-stm32.13.3.rel1.win32_1.0.0.202411081344/tools/bin/../lib/gcc/arm-none-eabi/13.3.1/../../../../arm-none-eabi/lib/thumb/v7e-m+fp/hard\libc_nano.a(libc_a-mallocr.o)
 .ARM.attributes
                0x000006f7       0x34 C:/ST/STM32CubeIDE_1.19.0/STM32CubeIDE/plugins/com.st.stm32cube.ide.mcu.externaltools.gnu-tools-for-stm32.13.3.rel1.win32_1.0.0.202411081344/tools/bin/../lib/gcc/arm-none-eabi/13.3.1/../../../../arm-none-eabi/lib/thumb/v7e-m+fp/hard\libc_nano.a(libc_a-mlock.o)
 .ARM.attributes
                0x0000072b       0x34 C:/ST/STM32CubeIDE_1.19.0/STM32CubeIDE/plugins/com.st.stm32cube.ide.mcu.externaltools.gnu-tools-for-stm32.13.3.rel1.win32_1.0.0.202411081344/tools/bin/../lib/gcc/arm-none-eabi/13.3.1/../../../../arm-none-eabi/lib/thumb/v7e-m+fp/hard\libc_nano.a(libc_a-nano-vfprintf.o)
 .ARM.attributes
                0x0000075f       0x34 C:/ST/STM32CubeIDE_1.19.0/STM32CubeIDE/plugins/com.st.stm32cube.ide.mcu.externaltools.gnu-tools-for-stm32.13.3.rel1.win32_1.0.0.202411081344/tools/bin/../lib/gcc/arm-none-eabi/13.3.1/../../../../arm-none-eabi/lib/thumb/v7e-m+fp/hard\libc_nano.a(libc_a-nano-vfprintf_i.o)
 .ARM.attributes
                0x00000793       0x34 C:/ST/STM32CubeIDE_1.19.0/STM32CubeIDE/plugins/com.st.stm32cube.ide.mcu.externaltools.gnu-tools-for-stm32.13.3.rel1.win32_1.0.0.202411081344/tools/bin/../lib/gcc/arm-none-eabi/13.3.1/../../../../arm-none-eabi/lib/thumb/v7e-m+fp/hard\libc_nano.a(libc_a-fflush.o)
 .ARM.attributes
                0x000007c7       0x34 C:/ST/STM32CubeIDE_1.19.0/STM32CubeIDE/plugins/com.st.stm32cube.ide.mcu.externaltools.gnu-tools-for-stm32.13.3.rel1.win32_1.0.0.202411081344/tools/bin/../lib/gcc/arm-none-eabi/13.3.1/../../../../arm-none-eabi/lib/thumb/v7e-m+fp/hard\libc_nano.a(libc_a-makebuf.o)
 .ARM.attributes
                0x000007fb       0x34 C:/ST/STM32CubeIDE_1.19.0/STM32CubeIDE/plugins/com.st.stm32cube.ide.mcu.externaltools.gnu-tools-for-stm32.13.3.rel1.win32_1.0.0.202411081344/tools/bin/../lib/gcc/arm-none-eabi/13.3.1/../../../../arm-none-eabi/lib/thumb/v7e-m+fp/hard\libc_nano.a(libc_a-fstatr.o)
 .ARM.attributes
                0x0000082f       0x34 C:/ST/STM32CubeIDE_1.19.0/STM32CubeIDE/plugins/com.st.stm32cube.ide.mcu.externaltools.gnu-tools-for-stm32.13.3.rel1.win32_1.0.0.202411081344/tools/bin/../lib/gcc/arm-none-eabi/13.3.1/../../../../arm-none-eabi/lib/thumb/v7e-m+fp/hard\libc_nano.a(libc_a-isattyr.o)
 .ARM.attributes
                0x00000863       0x34 C:/ST/STM32CubeIDE_1.19.0/STM32CubeIDE/plugins/com.st.stm32cube.ide.mcu.externaltools.gnu-tools-for-stm32.13.3.rel1.win32_1.0.0.202411081344/tools/bin/../lib/gcc/arm-none-eabi/13.3.1/../../../../arm-none-eabi/lib/thumb/v7e-m+fp/hard\libc_nano.a(libc_a-sbrkr.o)
 .ARM.attributes
                0x00000897       0x1c C:/ST/STM32CubeIDE_1.19.0/STM32CubeIDE/plugins/com.st.stm32cube.ide.mcu.externaltools.gnu-tools-for-stm32.13.3.rel1.win32_1.0.0.202411081344/tools/bin/../lib/gcc/arm-none-eabi/13.3.1/../../../../arm-none-eabi/lib/thumb/v7e-m+fp/hard\libc_nano.a(libc_a-memchr.o)
 .ARM.attributes
                0x000008b3       0x34 C:/ST/STM32CubeIDE_1.19.0/STM32CubeIDE/plugins/com.st.stm32cube.ide.mcu.externaltools.gnu-tools-for-stm32.13.3.rel1.win32_1.0.0.202411081344/tools/bin/../lib/gcc/arm-none-eabi/13.3.1/../../../../arm-none-eabi/lib/thumb/v7e-m+fp/hard\libnosys.a(sbrk.o)
 .ARM.attributes
                0x000008e7       0x22 C:/ST/STM32CubeIDE_1.19.0/STM32CubeIDE/plugins/com.st.stm32cube.ide.mcu.externaltools.gnu-tools-for-stm32.13.3.rel1.win32_1.0.0.202411081344/tools/bin/../lib/gcc/arm-none-eabi/13.3.1/thumb/v7e-m+fp/hard/crtn.o
OUTPUT(project2.elf elf32-littlearm)
LOAD linker stubs
LOAD C:/ST/STM32CubeIDE_1.19.0/STM32CubeIDE/plugins/com.st.stm32cube.ide.mcu.externaltools.gnu-tools-for-stm32.13.3.rel1.win32_1.0.0.202411081344/tools/bin/../lib/gcc/arm-none-eabi/13.3.1/../../../../arm-none-eabi/lib/thumb/v7e-m+fp/hard\libc.a
LOAD C:/ST/STM32CubeIDE_1.19.0/STM32CubeIDE/plugins/com.st.stm32cube.ide.mcu.externaltools.gnu-tools-for-stm32.13.3.rel1.win32_1.0.0.202411081344/tools/bin/../lib/gcc/arm-none-eabi/13.3.1/../../../../arm-none-eabi/lib/thumb/v7e-m+fp/hard\libm.a
LOAD C:/ST/STM32CubeIDE_1.19.0/STM32CubeIDE/plugins/com.st.stm32cube.ide.mcu.externaltools.gnu-tools-for-stm32.13.3.rel1.win32_1.0.0.202411081344/tools/bin/../lib/gcc/arm-none-eabi/13.3.1/thumb/v7e-m+fp/hard\libgcc.a

.debug_info     0x00000000     0x57d1
 .debug_info    0x00000000      0x38d ./SPL/src/stm32f30x_exti.o
 .debug_info    0x0000038d      0x606 ./SPL/src/stm32f30x_gpio.o
 .debug_info    0x00000993      0x4fa ./SPL/src/stm32f30x_misc.o
 .debug_info    0x00000e8d      0xa6e ./SPL/src/stm32f30x_rcc.o
 .debug_info    0x000018fb      0x3a3 ./SPL/src/stm32f30x_syscfg.o
 .debug_info    0x00001c9e      0xead ./SPL/src/stm32f30x_usart.o
 .debug_info    0x00002b4b     0x12bb ./Src/30010_io.o
 .debug_info    0x00003e06      0x42f ./Src/joystick.o
 .debug_info    0x00004235      0x386 ./Src/led.o
 .debug_info    0x000045bb      0x6e9 ./Src/main.o
 .debug_info    0x00004ca4      0x6b0 ./Src/syscalls.o
 .debug_info    0x00005354      0x44d ./Src/system_stm32f30x.o
 .debug_info    0x000057a1       0x30 ./Startup/startup_stm32f302r8tx.o

.debug_abbrev   0x00000000     0x1667
 .debug_abbrev  0x00000000      0x1a9 ./SPL/src/stm32f30x_exti.o
 .debug_abbrev  0x000001a9      0x1dd ./SPL/src/stm32f30x_gpio.o
 .debug_abbrev  0x00000386      0x17f ./SPL/src/stm32f30x_misc.o
 .debug_abbrev  0x00000505      0x20e ./SPL/src/stm32f30x_rcc.o
 .debug_abbrev  0x00000713      0x1a0 ./SPL/src/stm32f30x_syscfg.o
 .debug_abbrev  0x000008b3      0x1b0 ./SPL/src/stm32f30x_usart.o
 .debug_abbrev  0x00000a63      0x390 ./Src/30010_io.o
 .debug_abbrev  0x00000df3      0x1bd ./Src/joystick.o
 .debug_abbrev  0x00000fb0      0x167 ./Src/led.o
 .debug_abbrev  0x00001117      0x232 ./Src/main.o
 .debug_abbrev  0x00001349      0x1b6 ./Src/syscalls.o
 .debug_abbrev  0x000014ff      0x144 ./Src/system_stm32f30x.o
 .debug_abbrev  0x00001643       0x24 ./Startup/startup_stm32f302r8tx.o

.debug_aranges  0x00000000      0x6a8
 .debug_aranges
                0x00000000       0x58 ./SPL/src/stm32f30x_exti.o
 .debug_aranges
                0x00000058       0x80 ./SPL/src/stm32f30x_gpio.o
 .debug_aranges
                0x000000d8       0x40 ./SPL/src/stm32f30x_misc.o
 .debug_aranges
                0x00000118      0x150 ./SPL/src/stm32f30x_rcc.o
 .debug_aranges
                0x00000268       0x88 ./SPL/src/stm32f30x_syscfg.o
 .debug_aranges
                0x000002f0      0x1a0 ./SPL/src/stm32f30x_usart.o
 .debug_aranges
                0x00000490       0x78 ./Src/30010_io.o
 .debug_aranges
                0x00000508       0x30 ./Src/joystick.o
 .debug_aranges
                0x00000538       0x28 ./Src/led.o
 .debug_aranges
                0x00000560       0x48 ./Src/main.o
 .debug_aranges
                0x000005a8       0xa8 ./Src/syscalls.o
 .debug_aranges
                0x00000650       0x30 ./Src/system_stm32f30x.o
 .debug_aranges
                0x00000680       0x28 ./Startup/startup_stm32f302r8tx.o

.debug_rnglists
                0x00000000      0x4d8
 .debug_rnglists
                0x00000000       0x3e ./SPL/src/stm32f30x_exti.o
 .debug_rnglists
                0x0000003e       0x5e ./SPL/src/stm32f30x_gpio.o
 .debug_rnglists
                0x0000009c       0x2c ./SPL/src/stm32f30x_misc.o
 .debug_rnglists
                0x000000c8       0xfa ./SPL/src/stm32f30x_rcc.o
 .debug_rnglists
                0x000001c2       0x62 ./SPL/src/stm32f30x_syscfg.o
 .debug_rnglists
                0x00000224      0x137 ./SPL/src/stm32f30x_usart.o
 .debug_rnglists
                0x0000035b       0x59 ./Src/30010_io.o
 .debug_rnglists
                0x000003b4       0x22 ./Src/joystick.o
 .debug_rnglists
                0x000003d6       0x1b ./Src/led.o
 .debug_rnglists
                0x000003f1       0x33 ./Src/main.o
 .debug_rnglists
                0x00000424       0x79 ./Src/syscalls.o
 .debug_rnglists
                0x0000049d       0x22 ./Src/system_stm32f30x.o
 .debug_rnglists
                0x000004bf       0x19 ./Startup/startup_stm32f302r8tx.o

.debug_macro    0x00000000     0x3dd3
 .debug_macro   0x00000000      0x1a1 ./SPL/src/stm32f30x_exti.o
 .debug_macro   0x000001a1      0x10e ./SPL/src/stm32f30x_exti.o
 .debug_macro   0x000002af      0x19b ./SPL/src/stm32f30x_gpio.o
 .debug_macro   0x0000044a      0x1b0 ./SPL/src/stm32f30x_gpio.o
 .debug_macro   0x000005fa      0x1a1 ./SPL/src/stm32f30x_misc.o
 .debug_macro   0x0000079b       0x83 ./SPL/src/stm32f30x_misc.o
 .debug_macro   0x0000081e      0x238 ./SPL/src/stm32f30x_rcc.o
 .debug_macro   0x00000a56      0x5c0 ./SPL/src/stm32f30x_rcc.o
 .debug_macro   0x00001016      0x1cb ./SPL/src/stm32f30x_syscfg.o
 .debug_macro   0x000011e1      0x1d9 ./SPL/src/stm32f30x_syscfg.o
 .debug_macro   0x000013ba      0x1b3 ./SPL/src/stm32f30x_usart.o
 .debug_macro   0x0000156d      0x35e ./SPL/src/stm32f30x_usart.o
 .debug_macro   0x000018cb      0x27e ./Src/30010_io.o
 .debug_macro   0x00001b49       0x61 ./Src/30010_io.o
 .debug_macro   0x00001baa       0x2a ./Src/30010_io.o
 .debug_macro   0x00001bd4       0x43 ./Src/30010_io.o
 .debug_macro   0x00001c17       0x34 ./Src/30010_io.o
 .debug_macro   0x00001c4b       0x16 ./Src/30010_io.o
 .debug_macro   0x00001c61       0x9e ./Src/30010_io.o
 .debug_macro   0x00001cff      0x370 ./Src/30010_io.o
 .debug_macro   0x0000206f      0x112 ./Src/30010_io.o
 .debug_macro   0x00002181       0x10 ./Src/30010_io.o
 .debug_macro   0x00002191       0x16 ./Src/30010_io.o
 .debug_macro   0x000021a7       0x4a ./Src/30010_io.o
 .debug_macro   0x000021f1       0x34 ./Src/30010_io.o
 .debug_macro   0x00002225       0x10 ./Src/30010_io.o
 .debug_macro   0x00002235       0x58 ./Src/30010_io.o
 .debug_macro   0x0000228d       0x8e ./Src/30010_io.o
 .debug_macro   0x0000231b       0x1c ./Src/30010_io.o
 .debug_macro   0x00002337      0x185 ./Src/30010_io.o
 .debug_macro   0x000024bc       0x16 ./Src/30010_io.o
 .debug_macro   0x000024d2       0x16 ./Src/30010_io.o
 .debug_macro   0x000024e8      0x146 ./Src/30010_io.o
 .debug_macro   0x0000262e      0x27e ./Src/joystick.o
 .debug_macro   0x000028ac      0x278 ./Src/led.o
 .debug_macro   0x00002b24      0x296 ./Src/main.o
 .debug_macro   0x00002dba      0x274 ./Src/syscalls.o
 .debug_macro   0x0000302e       0x5b ./Src/syscalls.o
 .debug_macro   0x00003089       0x94 ./Src/syscalls.o
 .debug_macro   0x0000311d       0x57 ./Src/syscalls.o
 .debug_macro   0x00003174      0x190 ./Src/syscalls.o
 .debug_macro   0x00003304       0x10 ./Src/syscalls.o
 .debug_macro   0x00003314       0x3c ./Src/syscalls.o
 .debug_macro   0x00003350       0x10 ./Src/syscalls.o
 .debug_macro   0x00003360       0x10 ./Src/syscalls.o
 .debug_macro   0x00003370       0x10 ./Src/syscalls.o
 .debug_macro   0x00003380       0x1c ./Src/syscalls.o
 .debug_macro   0x0000339c       0x52 ./Src/syscalls.o
 .debug_macro   0x000033ee       0x22 ./Src/syscalls.o
 .debug_macro   0x00003410       0x10 ./Src/syscalls.o
 .debug_macro   0x00003420       0x52 ./Src/syscalls.o
 .debug_macro   0x00003472       0xcf ./Src/syscalls.o
 .debug_macro   0x00003541       0x1c ./Src/syscalls.o
 .debug_macro   0x0000355d       0x3d ./Src/syscalls.o
 .debug_macro   0x0000359a       0x35 ./Src/syscalls.o
 .debug_macro   0x000035cf      0x12c ./Src/syscalls.o
 .debug_macro   0x000036fb       0x16 ./Src/syscalls.o
 .debug_macro   0x00003711       0x16 ./Src/syscalls.o
 .debug_macro   0x00003727       0x29 ./Src/syscalls.o
 .debug_macro   0x00003750       0x10 ./Src/syscalls.o
 .debug_macro   0x00003760      0x242 ./Src/syscalls.o
 .debug_macro   0x000039a2       0x1c ./Src/syscalls.o
 .debug_macro   0x000039be       0x10 ./Src/syscalls.o
 .debug_macro   0x000039ce      0x18a ./Src/syscalls.o
 .debug_macro   0x00003b58       0x16 ./Src/syscalls.o
 .debug_macro   0x00003b6e       0xce ./Src/syscalls.o
 .debug_macro   0x00003c3c      0x197 ./Src/system_stm32f30x.o

.debug_line     0x00000000     0x8cc7
 .debug_line    0x00000000      0xb1e ./SPL/src/stm32f30x_exti.o
 .debug_line    0x00000b1e      0xaf6 ./SPL/src/stm32f30x_gpio.o
 .debug_line    0x00001614      0x960 ./SPL/src/stm32f30x_misc.o
 .debug_line    0x00001f74     0x10e3 ./SPL/src/stm32f30x_rcc.o
 .debug_line    0x00003057      0xa85 ./SPL/src/stm32f30x_syscfg.o
 .debug_line    0x00003adc     0x1087 ./SPL/src/stm32f30x_usart.o
 .debug_line    0x00004b63      0xeae ./Src/30010_io.o
 .debug_line    0x00005a11      0xa8f ./Src/joystick.o
 .debug_line    0x000064a0      0xa67 ./Src/led.o
 .debug_line    0x00006f07      0xb0d ./Src/main.o
 .debug_line    0x00007a14      0x8a7 ./Src/syscalls.o
 .debug_line    0x000082bb      0x991 ./Src/system_stm32f30x.o
 .debug_line    0x00008c4c       0x7b ./Startup/startup_stm32f302r8tx.o

.debug_str      0x00000000    0x5afa6
 .debug_str     0x00000000    0x5afa6 ./SPL/src/stm32f30x_exti.o
                              0x52f67 (size before relaxing)
 .debug_str     0x0005afa6    0x5308a ./SPL/src/stm32f30x_gpio.o
 .debug_str     0x0005afa6    0x52fbd ./SPL/src/stm32f30x_misc.o
 .debug_str     0x0005afa6    0x53818 ./SPL/src/stm32f30x_rcc.o
 .debug_str     0x0005afa6    0x5313d ./SPL/src/stm32f30x_syscfg.o
 .debug_str     0x0005afa6    0x5372c ./SPL/src/stm32f30x_usart.o
 .debug_str     0x0005afa6    0x57454 ./Src/30010_io.o
 .debug_str     0x0005afa6    0x56b21 ./Src/joystick.o
 .debug_str     0x0005afa6    0x56aa3 ./Src/led.o
 .debug_str     0x0005afa6    0x5706f ./Src/main.o
 .debug_str     0x0005afa6     0x9a86 ./Src/syscalls.o
 .debug_str     0x0005afa6    0x52eaa ./Src/system_stm32f30x.o
 .debug_str     0x0005afa6       0xcb ./Startup/startup_stm32f302r8tx.o

.comment        0x00000000       0x43
 .comment       0x00000000       0x43 ./SPL/src/stm32f30x_exti.o
                                 0x44 (size before relaxing)
 .comment       0x00000043       0x44 ./SPL/src/stm32f30x_gpio.o
 .comment       0x00000043       0x44 ./SPL/src/stm32f30x_misc.o
 .comment       0x00000043       0x44 ./SPL/src/stm32f30x_rcc.o
 .comment       0x00000043       0x44 ./SPL/src/stm32f30x_syscfg.o
 .comment       0x00000043       0x44 ./SPL/src/stm32f30x_usart.o
 .comment       0x00000043       0x44 ./Src/30010_io.o
 .comment       0x00000043       0x44 ./Src/joystick.o
 .comment       0x00000043       0x44 ./Src/led.o
 .comment       0x00000043       0x44 ./Src/main.o
 .comment       0x00000043       0x44 ./Src/syscalls.o
 .comment       0x00000043       0x44 ./Src/system_stm32f30x.o

.debug_frame    0x00000000     0x2310
 .debug_frame   0x00000000      0x148 ./SPL/src/stm32f30x_exti.o
 .debug_frame   0x00000148      0x214 ./SPL/src/stm32f30x_gpio.o
 .debug_frame   0x0000035c       0xd8 ./SPL/src/stm32f30x_misc.o
 .debug_frame   0x00000434      0x60c ./SPL/src/stm32f30x_rcc.o
 .debug_frame   0x00000a40      0x230 ./SPL/src/stm32f30x_syscfg.o
 .debug_frame   0x00000c70      0x7b0 ./SPL/src/stm32f30x_usart.o
 .debug_frame   0x00001420      0x1b4 ./Src/30010_io.o
 .debug_frame   0x000015d4       0x7c ./Src/joystick.o
 .debug_frame   0x00001650       0x58 ./Src/led.o
 .debug_frame   0x000016a8       0xdc ./Src/main.o
 .debug_frame   0x00001784      0x2ac ./Src/syscalls.o
 .debug_frame   0x00001a30       0x74 ./Src/system_stm32f30x.o
 .debug_frame   0x00001aa4      0x144 C:/ST/STM32CubeIDE_1.19.0/STM32CubeIDE/plugins/com.st.stm32cube.ide.mcu.externaltools.gnu-tools-for-stm32.13.3.rel1.win32_1.0.0.202411081344/tools/bin/../lib/gcc/arm-none-eabi/13.3.1/../../../../arm-none-eabi/lib/thumb/v7e-m+fp/hard\libc_nano.a(libc_a-findfp.o)
 .debug_frame   0x00001be8       0x34 C:/ST/STM32CubeIDE_1.19.0/STM32CubeIDE/plugins/com.st.stm32cube.ide.mcu.externaltools.gnu-tools-for-stm32.13.3.rel1.win32_1.0.0.202411081344/tools/bin/../lib/gcc/arm-none-eabi/13.3.1/../../../../arm-none-eabi/lib/thumb/v7e-m+fp/hard\libc_nano.a(libc_a-fwalk.o)
 .debug_frame   0x00001c1c       0x6c C:/ST/STM32CubeIDE_1.19.0/STM32CubeIDE/plugins/com.st.stm32cube.ide.mcu.externaltools.gnu-tools-for-stm32.13.3.rel1.win32_1.0.0.202411081344/tools/bin/../lib/gcc/arm-none-eabi/13.3.1/../../../../arm-none-eabi/lib/thumb/v7e-m+fp/hard\libc_nano.a(libc_a-printf.o)
 .debug_frame   0x00001c88       0x3c C:/ST/STM32CubeIDE_1.19.0/STM32CubeIDE/plugins/com.st.stm32cube.ide.mcu.externaltools.gnu-tools-for-stm32.13.3.rel1.win32_1.0.0.202411081344/tools/bin/../lib/gcc/arm-none-eabi/13.3.1/../../../../arm-none-eabi/lib/thumb/v7e-m+fp/hard\libc_nano.a(libc_a-puts.o)
 .debug_frame   0x00001cc4       0x20 C:/ST/STM32CubeIDE_1.19.0/STM32CubeIDE/plugins/com.st.stm32cube.ide.mcu.externaltools.gnu-tools-for-stm32.13.3.rel1.win32_1.0.0.202411081344/tools/bin/../lib/gcc/arm-none-eabi/13.3.1/../../../../arm-none-eabi/lib/thumb/v7e-m+fp/hard\libc_nano.a(libc_a-setbuf.o)
 .debug_frame   0x00001ce4       0x38 C:/ST/STM32CubeIDE_1.19.0/STM32CubeIDE/plugins/com.st.stm32cube.ide.mcu.externaltools.gnu-tools-for-stm32.13.3.rel1.win32_1.0.0.202411081344/tools/bin/../lib/gcc/arm-none-eabi/13.3.1/../../../../arm-none-eabi/lib/thumb/v7e-m+fp/hard\libc_nano.a(libc_a-setvbuf.o)
 .debug_frame   0x00001d1c       0x88 C:/ST/STM32CubeIDE_1.19.0/STM32CubeIDE/plugins/com.st.stm32cube.ide.mcu.externaltools.gnu-tools-for-stm32.13.3.rel1.win32_1.0.0.202411081344/tools/bin/../lib/gcc/arm-none-eabi/13.3.1/../../../../arm-none-eabi/lib/thumb/v7e-m+fp/hard\libc_nano.a(libc_a-stdio.o)
 .debug_frame   0x00001da4       0x40 C:/ST/STM32CubeIDE_1.19.0/STM32CubeIDE/plugins/com.st.stm32cube.ide.mcu.externaltools.gnu-tools-for-stm32.13.3.rel1.win32_1.0.0.202411081344/tools/bin/../lib/gcc/arm-none-eabi/13.3.1/../../../../arm-none-eabi/lib/thumb/v7e-m+fp/hard\libc_nano.a(libc_a-wbuf.o)
 .debug_frame   0x00001de4       0x2c C:/ST/STM32CubeIDE_1.19.0/STM32CubeIDE/plugins/com.st.stm32cube.ide.mcu.externaltools.gnu-tools-for-stm32.13.3.rel1.win32_1.0.0.202411081344/tools/bin/../lib/gcc/arm-none-eabi/13.3.1/../../../../arm-none-eabi/lib/thumb/v7e-m+fp/hard\libc_nano.a(libc_a-wsetup.o)
 .debug_frame   0x00001e10       0x20 C:/ST/STM32CubeIDE_1.19.0/STM32CubeIDE/plugins/com.st.stm32cube.ide.mcu.externaltools.gnu-tools-for-stm32.13.3.rel1.win32_1.0.0.202411081344/tools/bin/../lib/gcc/arm-none-eabi/13.3.1/../../../../arm-none-eabi/lib/thumb/v7e-m+fp/hard\libc_nano.a(libc_a-memset.o)
 .debug_frame   0x00001e30       0x2c C:/ST/STM32CubeIDE_1.19.0/STM32CubeIDE/plugins/com.st.stm32cube.ide.mcu.externaltools.gnu-tools-for-stm32.13.3.rel1.win32_1.0.0.202411081344/tools/bin/../lib/gcc/arm-none-eabi/13.3.1/../../../../arm-none-eabi/lib/thumb/v7e-m+fp/hard\libc_nano.a(libc_a-closer.o)
 .debug_frame   0x00001e5c       0x38 C:/ST/STM32CubeIDE_1.19.0/STM32CubeIDE/plugins/com.st.stm32cube.ide.mcu.externaltools.gnu-tools-for-stm32.13.3.rel1.win32_1.0.0.202411081344/tools/bin/../lib/gcc/arm-none-eabi/13.3.1/../../../../arm-none-eabi/lib/thumb/v7e-m+fp/hard\libc_nano.a(libc_a-reent.o)
 .debug_frame   0x00001e94       0x2c C:/ST/STM32CubeIDE_1.19.0/STM32CubeIDE/plugins/com.st.stm32cube.ide.mcu.externaltools.gnu-tools-for-stm32.13.3.rel1.win32_1.0.0.202411081344/tools/bin/../lib/gcc/arm-none-eabi/13.3.1/../../../../arm-none-eabi/lib/thumb/v7e-m+fp/hard\libc_nano.a(libc_a-lseekr.o)
 .debug_frame   0x00001ec0       0x2c C:/ST/STM32CubeIDE_1.19.0/STM32CubeIDE/plugins/com.st.stm32cube.ide.mcu.externaltools.gnu-tools-for-stm32.13.3.rel1.win32_1.0.0.202411081344/tools/bin/../lib/gcc/arm-none-eabi/13.3.1/../../../../arm-none-eabi/lib/thumb/v7e-m+fp/hard\libc_nano.a(libc_a-readr.o)
 .debug_frame   0x00001eec       0x2c C:/ST/STM32CubeIDE_1.19.0/STM32CubeIDE/plugins/com.st.stm32cube.ide.mcu.externaltools.gnu-tools-for-stm32.13.3.rel1.win32_1.0.0.202411081344/tools/bin/../lib/gcc/arm-none-eabi/13.3.1/../../../../arm-none-eabi/lib/thumb/v7e-m+fp/hard\libc_nano.a(libc_a-init.o)
 .debug_frame   0x00001f18       0xb0 C:/ST/STM32CubeIDE_1.19.0/STM32CubeIDE/plugins/com.st.stm32cube.ide.mcu.externaltools.gnu-tools-for-stm32.13.3.rel1.win32_1.0.0.202411081344/tools/bin/../lib/gcc/arm-none-eabi/13.3.1/../../../../arm-none-eabi/lib/thumb/v7e-m+fp/hard\libc_nano.a(libc_a-lock.o)
 .debug_frame   0x00001fc8       0x38 C:/ST/STM32CubeIDE_1.19.0/STM32CubeIDE/plugins/com.st.stm32cube.ide.mcu.externaltools.gnu-tools-for-stm32.13.3.rel1.win32_1.0.0.202411081344/tools/bin/../lib/gcc/arm-none-eabi/13.3.1/../../../../arm-none-eabi/lib/thumb/v7e-m+fp/hard\libc_nano.a(libc_a-freer.o)
 .debug_frame   0x00002000       0x30 C:/ST/STM32CubeIDE_1.19.0/STM32CubeIDE/plugins/com.st.stm32cube.ide.mcu.externaltools.gnu-tools-for-stm32.13.3.rel1.win32_1.0.0.202411081344/tools/bin/../lib/gcc/arm-none-eabi/13.3.1/../../../../arm-none-eabi/lib/thumb/v7e-m+fp/hard\libc_nano.a(libc_a-malloc.o)
 .debug_frame   0x00002030       0x50 C:/ST/STM32CubeIDE_1.19.0/STM32CubeIDE/plugins/com.st.stm32cube.ide.mcu.externaltools.gnu-tools-for-stm32.13.3.rel1.win32_1.0.0.202411081344/tools/bin/../lib/gcc/arm-none-eabi/13.3.1/../../../../arm-none-eabi/lib/thumb/v7e-m+fp/hard\libc_nano.a(libc_a-mallocr.o)
 .debug_frame   0x00002080       0x30 C:/ST/STM32CubeIDE_1.19.0/STM32CubeIDE/plugins/com.st.stm32cube.ide.mcu.externaltools.gnu-tools-for-stm32.13.3.rel1.win32_1.0.0.202411081344/tools/bin/../lib/gcc/arm-none-eabi/13.3.1/../../../../arm-none-eabi/lib/thumb/v7e-m+fp/hard\libc_nano.a(libc_a-mlock.o)
 .debug_frame   0x000020b0       0xa8 C:/ST/STM32CubeIDE_1.19.0/STM32CubeIDE/plugins/com.st.stm32cube.ide.mcu.externaltools.gnu-tools-for-stm32.13.3.rel1.win32_1.0.0.202411081344/tools/bin/../lib/gcc/arm-none-eabi/13.3.1/../../../../arm-none-eabi/lib/thumb/v7e-m+fp/hard\libc_nano.a(libc_a-nano-vfprintf.o)
 .debug_frame   0x00002158       0x60 C:/ST/STM32CubeIDE_1.19.0/STM32CubeIDE/plugins/com.st.stm32cube.ide.mcu.externaltools.gnu-tools-for-stm32.13.3.rel1.win32_1.0.0.202411081344/tools/bin/../lib/gcc/arm-none-eabi/13.3.1/../../../../arm-none-eabi/lib/thumb/v7e-m+fp/hard\libc_nano.a(libc_a-nano-vfprintf_i.o)
 .debug_frame   0x000021b8       0x5c C:/ST/STM32CubeIDE_1.19.0/STM32CubeIDE/plugins/com.st.stm32cube.ide.mcu.externaltools.gnu-tools-for-stm32.13.3.rel1.win32_1.0.0.202411081344/tools/bin/../lib/gcc/arm-none-eabi/13.3.1/../../../../arm-none-eabi/lib/thumb/v7e-m+fp/hard\libc_nano.a(libc_a-fflush.o)
 .debug_frame   0x00002214       0x58 C:/ST/STM32CubeIDE_1.19.0/STM32CubeIDE/plugins/com.st.stm32cube.ide.mcu.externaltools.gnu-tools-for-stm32.13.3.rel1.win32_1.0.0.202411081344/tools/bin/../lib/gcc/arm-none-eabi/13.3.1/../../../../arm-none-eabi/lib/thumb/v7e-m+fp/hard\libc_nano.a(libc_a-makebuf.o)
 .debug_frame   0x0000226c       0x2c C:/ST/STM32CubeIDE_1.19.0/STM32CubeIDE/plugins/com.st.stm32cube.ide.mcu.externaltools.gnu-tools-for-stm32.13.3.rel1.win32_1.0.0.202411081344/tools/bin/../lib/gcc/arm-none-eabi/13.3.1/../../../../arm-none-eabi/lib/thumb/v7e-m+fp/hard\libc_nano.a(libc_a-fstatr.o)
 .debug_frame   0x00002298       0x2c C:/ST/STM32CubeIDE_1.19.0/STM32CubeIDE/plugins/com.st.stm32cube.ide.mcu.externaltools.gnu-tools-for-stm32.13.3.rel1.win32_1.0.0.202411081344/tools/bin/../lib/gcc/arm-none-eabi/13.3.1/../../../../arm-none-eabi/lib/thumb/v7e-m+fp/hard\libc_nano.a(libc_a-isattyr.o)
 .debug_frame   0x000022c4       0x2c C:/ST/STM32CubeIDE_1.19.0/STM32CubeIDE/plugins/com.st.stm32cube.ide.mcu.externaltools.gnu-tools-for-stm32.13.3.rel1.win32_1.0.0.202411081344/tools/bin/../lib/gcc/arm-none-eabi/13.3.1/../../../../arm-none-eabi/lib/thumb/v7e-m+fp/hard\libc_nano.a(libc_a-sbrkr.o)
 .debug_frame   0x000022f0       0x20 C:/ST/STM32CubeIDE_1.19.0/STM32CubeIDE/plugins/com.st.stm32cube.ide.mcu.externaltools.gnu-tools-for-stm32.13.3.rel1.win32_1.0.0.202411081344/tools/bin/../lib/gcc/arm-none-eabi/13.3.1/../../../../arm-none-eabi/lib/thumb/v7e-m+fp/hard\libnosys.a(sbrk.o)

.debug_line_str
                0x00000000       0xaf
 .debug_line_str
                0x00000000       0xaf ./Startup/startup_stm32f302r8tx.o
