/Users/markmalloy/STM32CubeIDE/workspace_1.19.0/repository/project2/cmsis/core_cm4.h:1071:22:NVIC_EnableIRQ	16	static
/Users/markmalloy/STM32CubeIDE/workspace_1.19.0/repository/project2/cmsis/core_cm4.h:1085:22:NVIC_DisableIRQ	16	static
/Users/markmalloy/STM32CubeIDE/workspace_1.19.0/repository/project2/cmsis/core_cm4.h:1156:22:NVIC_SetPriority	16	static
../Src/timer.c:12:6:initTimer	16	static
../Src/timer.c:54:6:TIM2_IRQHandler	8	static
../Src/timer.c:80:6:stopWatch	24	static
../Src/timer.c:108:6:printTime	16	static
../Src/timer.c:113:6:stopWatchFunction	8	static
